ets Jul 29 2019 12:21:46

rst:0x1 (POWERON_RESET),boot:0x13 (SPI_FAST_FLASH_BOOT)
configsip: 0, SPIWP:0xee
clk_drv:0x00,q_drv:0x00,d_drv:0x00,cs0_drv:0x00,hd_drv:0x00,wp_drv:0x00
mode:DIO, clock div:2
load:0x3fff0030,len:7176
load:0x40078000,len:15564
ho 0 tail 12 room 4
load:0x40080400,len:4
load:0x40080404,len:3904
entry 0x40080640
[0;32mI (31) boot: ESP-IDF v5.3.1-536-g5955059940 2nd stage bootloader[0m
[0;32mI (31) boot: compile time Nov  3 2024 18:20:51[0m
[0;32mI (33) boot: Multicore bootloader[0m
[0;32mI (37) boot: chip revision: v3.0[0m
[0;32mI (41) boot.esp32: SPI Speed      : 40MHz[0m
[0;32mI (45) boot.esp32: SPI Mode       : DIO[0m
[0;32mI (50) boot.esp32: SPI Flash Size : 2MB[0m
[0;32mI (54) boot: Enabling RNG early entropy source...[0m
[0;32mI (60) boot: Partition Table:[0m
[0;32mI (63) boot: ## Label            Usage          Type ST Offset   Length[0m
[0;32mI (71) boot:  0 nvs              WiFi data        01 02 00009000 00006000[0m
[0;32mI (78) boot:  1 phy_init         RF data          01 01 0000f000 00001000[0m
[0;32mI (86) boot:  2 factory          factory app      00 00 00010000 00177000[0m
[0;32mI (93) boot: End of partition table[0m
[0;32mI (97) esp_image: segment 0: paddr=00010020 vaddr=3f400020 size=27f40h (163648) map[0m
[0;32mI (162) esp_image: segment 1: paddr=00037f68 vaddr=3ff80063 size=00008h (     8) load[0m
[0;32mI (162) esp_image: segment 2: paddr=00037f78 vaddr=3ffb0000 size=04048h ( 16456) load[0m
[0;32mI (174) esp_image: segment 3: paddr=0003bfc8 vaddr=40080000 size=04050h ( 16464) load[0m
[0;32mI (183) esp_image: segment 4: paddr=00040020 vaddr=400d0020 size=a4204h (672260) map[0m
[0;32mI (415) esp_image: segment 5: paddr=000e422c vaddr=40084050 size=15a04h ( 88580) load[0m
[0;32mI (450) esp_image: segment 6: paddr=000f9c38 vaddr=400c0000 size=00064h (   100) load[0m
[0;32mI (463) boot: Loaded app from partition at offset 0x10000[0m
[0;32mI (463) boot: Disabling RNG early entropy source...[0m
[0;32mI (475) cpu_start: Multicore app[0m
[0;32mI (484) cpu_start: Pro cpu start user code[0m
[0;32mI (484) cpu_start: cpu freq: 160000000 Hz[0m
[0;32mI (484) app_init: Application information:[0m
[0;32mI (487) app_init: Project name:     PIR[0m
[0;32mI (491) app_init: App version:      1[0m
[0;32mI (496) app_init: Compile time:     Nov  3 2024 18:20:44[0m
[0;32mI (502) app_init: ELF file SHA256:  8e6e6f27af2fac31...[0m
[0;32mI (507) app_init: ESP-IDF:          v5.3.1-536-g5955059940[0m
[0;32mI (514) efuse_init: Min chip rev:     v0.0[0m
[0;32mI (518) efuse_init: Max chip rev:     v3.99 [0m
[0;32mI (523) efuse_init: Chip rev:         v3.0[0m
[0;32mI (528) heap_init: Initializing. RAM available for dynamic allocation:[0m
[0;32mI (536) heap_init: At 3FFAE6E0 len 00001920 (6 KiB): DRAM[0m
[0;32mI (541) heap_init: At 3FFB8968 len 00027698 (157 KiB): DRAM[0m
[0;32mI (548) heap_init: At 3FFE0440 len 00003AE0 (14 KiB): D/IRAM[0m
[0;32mI (554) heap_init: At 3FFE4350 len 0001BCB0 (111 KiB): D/IRAM[0m
[0;32mI (560) heap_init: At 40099A54 len 000065AC (25 KiB): IRAM[0m
[0;32mI (568) spi_flash: detected chip: generic[0m
[0;32mI (571) spi_flash: flash io: dio[0m
[0;33mW (575) spi_flash: Detected size(4096k) larger than the size in the binary image header(2048k). Using the size in the binary image header.[0m
[0;33mW (588) i2c: This driver is an old driver, please migrate your application code to adapt `driver/i2c_master.h`[0m
[0;32mI (600) main_task: Started on CPU0[0m
[0;32mI (610) main_task: Calling app_main()[0m
[0;32mI (610) progress: [APP] Free memory: 273572 bytes[0m
[0;32mI (610) progress: [APP] IDF version: v5.3.1-536-g5955059940[0m
[0;31mE (620) i2cdev: Could not write to device [0x0b at 0]: -1 (ESP_FAIL)[0m
[0;32mI (730) gauge: Power Mode: 0x1[0m
[0;32mI (730) gauge: APA: 0x2A[0m
[0;32mI (730) gauge: Battery Profile: 0x1[0m
[0;32mI (730) gauge: Temp Mode: 0x0[0m
[0;32mI (740) gauge: Voltage: 4.18	RSOC: 100.0%[0m
[0;32mI (760) progress: Starting Wifi[0m
[0;32mI (4440) progress: Starting Clock[0m
[0;32mI (6440) progress: The current date/time in Germany is: Sun Nov  3 19:07:37 2024[0m
[0;32mI (6440) progress: Starting MQTT[0m
[0;32mI (6440) mqtt: [APP] Free memory: 225396 bytes[0m
[0;32mI (6450) mqtt: MQTT_EVENT_BEFORE_CONNECT
[0m
[0;32mI (6460) mqtt: Note free memory: 213812 bytes[0m
[0;32mI (6460) mqtt: Waiting for connection to MQTT
[0m
[0;32mI (7160) mqtt: MQTT_EVENT_CONNECTED
[0m
[0;32mI (7160) mqtt: Connected to MQTT
[0m
[0;32mI (7160) progress: Sending battery status to MQTT[0m
[0;32mI (7160) mqtt: Sent <{"sensors":[{"name":"battery","values":[{"timestamp":1730657258000, "voltage":4.2, "soc":100.0}]}]}> to topic 1/2/data[0m
[0;32mI (7180) progress: Sending PIR event to MQTT[0m
[0;32mI (7180) mqtt: Sent <{"sensors":[{"name":"PIR","values":[{"timestamp":1730657258000, "roomID":"corridor"}]}]}> to topic 1/2/data[0m
[0;32mI (7190) progress: Installing wakeup[0m
[0;32mI (7190) progress: Going to sleep[0m
[0;32mI (7200) mqtt: MQTT_EVENT_PUBLISHED, msg_id=27455
[0m
ets Jul 29 2019 12:21:46

rst:0x5 (DEEPSLEEP_RESET),boot:0x13 (SPI_FAST_FLASH_BOOT)
configsip: 0, SPIWP:0xee
clk_drv:0x00,q_drv:0x00,d_drv:0x00,cs0_drv:0x00,hd_drv:0x00,wp_drv:0x00
mode:DIO, clock div:2
load:0x3fff0030,len:7176
load:0x40078000,len:15564
ho 0 tail 12 room 4
load:0x40080400,len:4
load:0x40080404,len:3904
entry 0x40080640
[0;32mI (31) boot: ESP-IDF v5.3.1-536-g5955059940 2nd stage bootloader[0m
[0;32mI (31) boot: compile time Nov  3 2024 18:20:51[0m
[0;32mI (33) boot: Multicore bootloader[0m
[0;32mI (37) boot: chip revision: v3.0[0m
[0;32mI (41) boot.esp32: SPI Speed      : 40MHz[0m
[0;32mI (45) boot.esp32: SPI Mode       : DIO[0m
[0;32mI (50) boot.esp32: SPI Flash Size : 2MB[0m
[0;32mI (54) boot: Enabling RNG early entropy source...[0m
[0;32mI (60) boot: Partition Table:[0m
[0;32mI (63) boot: ## Label            Usage          Type ST Offset   Length[0m
[0;32mI (71) boot:  0 nvs              WiFi data        01 02 00009000 00006000[0m
[0;32mI (78) boot:  1 phy_init         RF data          01 01 0000f000 00001000[0m
[0;32mI (86) boot:  2 factory          factory app      00 00 00010000 00177000[0m
[0;32mI (93) boot: End of partition table[0m
[0;32mI (97) esp_image: segment 0: paddr=00010020 vaddr=3f400020 size=27f40h (163648) map[0m
[0;32mI (162) esp_image: segment 1: paddr=00037f68 vaddr=3ff80063 size=00008h (     8) [0m
[0;32mI (162) esp_image: segment 2: paddr=00037f78 vaddr=3ffb0000 size=04048h ( 16456) load[0m
[0;32mI (174) esp_image: segment 3: paddr=0003bfc8 vaddr=40080000 size=04050h ( 16464) load[0m
[0;32mI (182) esp_image: segment 4: paddr=00040020 vaddr=400d0020 size=a4204h (672260) map[0m
[0;32mI (415) esp_image: segment 5: paddr=000e422c vaddr=40084050 size=15a04h ( 88580) load[0m
[0;32mI (449) esp_image: segment 6: paddr=000f9c38 vaddr=400c0000 size=00064h (   100) [0m
[0;32mI (463) boot: Loaded app from partition at offset 0x10000[0m
[0;32mI (463) boot: Disabling RNG early entropy source...[0m
[0;32mI (475) cpu_start: Multicore app[0m
[0;32mI (484) cpu_start: Pro cpu start user code[0m
[0;32mI (484) cpu_start: cpu freq: 160000000 Hz[0m
[0;32mI (484) app_init: Application information:[0m
[0;32mI (487) app_init: Project name:     PIR[0m
[0;32mI (491) app_init: App version:      1[0m
[0;32mI (495) app_init: Compile time:     Nov  3 2024 18:20:44[0m
[0;32mI (501) app_init: ELF file SHA256:  8e6e6f27af2fac31...[0m
[0;32mI (507) app_init: ESP-IDF:          v5.3.1-536-g5955059940[0m
[0;32mI (513) efuse_init: Min chip rev:     v0.0[0m
[0;32mI (518) efuse_init: Max chip rev:     v3.99 [0m
[0;32mI (523) efuse_init: Chip rev:         v3.0[0m
[0;32mI (528) heap_init: Initializing. RAM available for dynamic allocation:[0m
[0;32mI (535) heap_init: At 3FFAE6E0 len 00001920 (6 KiB): DRAM[0m
[0;32mI (541) heap_init: At 3FFB8968 len 00027698 (157 KiB): DRAM[0m
[0;32mI (547) heap_init: At 3FFE0440 len 00003AE0 (14 KiB): D/IRAM[0m
[0;32mI (554) heap_init: At 3FFE4350 len 0001BCB0 (111 KiB): D/IRAM[0m
[0;32mI (560) heap_init: At 40099A54 len 000065AC (25 KiB): IRAM[0m
[0;32mI (568) spi_flash: detected chip: generic[0m
[0;32mI (571) spi_flash: flash io: dio[0m
[0;33mW (575) spi_flash: Detected size(4096k) larger than the size in the binary image header(2048k). Using the size in the binary image header.[0m
[0;33mW (588) i2c: This driver is an old driver, please migrate your application code to adapt `driver/i2c_master.h`[0m
[0;32mI (600) main_task: Started on CPU0[0m
[0;32mI (610) main_task: Calling app_main()[0m
[0;32mI (610) progress: [APP] Free memory: 273572 bytes[0m
[0;32mI (610) progress: [APP] IDF version: v5.3.1-536-g5955059940[0m
[0;31mE (620) i2cdev: Could not write to device [0x0b at 0]: -1 (ESP_FAIL)[0m
[0;32mI (730) gauge: Power Mode: 0x1[0m
[0;32mI (730) gauge: APA: 0x2A[0m
[0;32mI (730) gauge: Battery Profile: 0x1[0m
[0;32mI (730) gauge: Temp Mode: 0x0[0m
[0;32mI (730) gauge: Voltage: 4.05	RSOC: 85.0%[0m
[0;32mI (760) progress: Starting Wifi[0m
[0;32mI (4330) progress: Starting Clock[0m
[0;32mI (8330) progress: The current date/time in Germany is: Sun Nov  3 19:07:51 2024[0m
[0;32mI (8330) progress: Starting MQTT[0m
[0;32mI (8330) mqtt: [APP] Free memory: 225272 bytes[0m
[0;32mI (8340) mqtt: MQTT_EVENT_BEFORE_CONNECT
[0m
[0;32mI (8350) mqtt: Note free memory: 213860 bytes[0m
[0;32mI (8350) mqtt: Waiting for connection to MQTT
[0m
[0;32mI (8750) mqtt: MQTT_EVENT_CONNECTED
[0m
[0;32mI (8760) mqtt: Connected to MQTT
[0m
[0;32mI (8760) progress: Sending battery status to MQTT[0m
[0;32mI (8760) mqtt: Sent <{"sensors":[{"name":"battery","values":[{"timestamp":1730657271000, "voltage":4.1, "soc":85.0}]}]}> to topic 1/2/data[0m
[0;32mI (8770) progress: Sending PIR event to MQTT[0m
[0;32mI (8780) mqtt: Sent <{"sensors":[{"name":"PIR","values":[{"timestamp":1730657271000, "roomID":"corridor"}]}]}> to topic 1/2/data[0m
[0;32mI (8790) mqtt: MQTT_EVENT_PUBLISHED, msg_id=23478
[0m
[0;32mI (8800) progress: Installing wakeup[0m
[0;32mI (8810) mqtt: MQTT_EVENT_PUBLISHED, msg_id=65272
[0m
[0;32mI (10800) progress: Going to sleep[0m
ets Jul 29 2019 12:21:46

rst:0x5 (DEEPSLEEP_RESET),boot:0x13 (SPI_FAST_FLASH_BOOT)
configsip: 0, SPIWP:0xee
clk_drv:0x00,q_drv:0x00,d_drv:0x00,cs0_drv:0x00,hd_drv:0x00,wp_drv:0x00
mode:DIO, clock div:2
load:0x3fff0030,len:7176
load:0x40078000,len:15564
ho 0 tail 12 room 4
load:0x40080400,len:4
load:0x40080404,len:3904
entry 0x40080640
[0;32mI (31) boot: ESP-IDF v5.3.1-536-g5955059940 2nd stage bootloader[0m
[0;32mI (31) boot: compile time Nov  3 2024 18:20:51[0m
[0;32mI (33) boot: Multicore bootloader[0m
[0;32mI (37) boot: chip revision: v3.0[0m
[0;32mI (41) boot.esp32: SPI Speed      : 40MHz[0m
[0;32mI (45) boot.esp32: SPI Mode       : DIO[0m
[0;32mI (50) boot.esp32: SPI Flash Size : 2MB[0m
[0;32mI (54) boot: Enabling RNG early entropy source...[0m
[0;32mI (60) boot: Partition Table:[0m
[0;32mI (63) boot: ## Label            Usage          Type ST Offset   Length[0m
[0;32mI (71) boot:  0 nvs              WiFi data        01 02 00009000 00006000[0m
[0;32mI (78) boot:  1 phy_init         RF data          01 01 0000f000 00001000[0m
[0;32mI (86) boot:  2 factory          factory app      00 00 00010000 00177000[0m
[0;32mI (93) boot: End of partition table[0m
[0;32mI (97) esp_image: segment 0: paddr=00010020 vaddr=3f400020 size=27f40h (163648) map[0m
[0;32mI (162) esp_image: segment 1: paddr=00037f68 vaddr=3ff80063 size=00008h (     8) [0m
[0;32mI (162) esp_image: segment 2: paddr=00037f78 vaddr=3ffb0000 size=04048h ( 16456) load[0m
[0;32mI (174) esp_image: segment 3: paddr=0003bfc8 vaddr=40080000 size=04050h ( 16464) load[0m
[0;32mI (182) esp_image: segment 4: paddr=00040020 vaddr=400d0020 size=a4204h (672260) map[0m
[0;32mI (415) esp_image: segment 5: paddr=000e422c vaddr=40084050 size=15a04h ( 88580) load[0m
[0;32mI (449) esp_image: segment 6: paddr=000f9c38 vaddr=400c0000 size=00064h (   100) [0m
[0;32mI (463) boot: Loaded app from partition at offset 0x10000[0m
[0;32mI (463) boot: Disabling RNG early entropy source...[0m
[0;32mI (475) cpu_start: Multicore app[0m
[0;32mI (484) cpu_start: Pro cpu start user code[0m
[0;32mI (484) cpu_start: cpu freq: 160000000 Hz[0m
[0;32mI (484) app_init: Application information:[0m
[0;32mI (487) app_init: Project name:     PIR[0m
[0;32mI (491) app_init: App version:      1[0m
[0;32mI (495) app_init: Compile time:     Nov  3 2024 18:20:44[0m
[0;32mI (501) app_init: ELF file SHA256:  8e6e6f27af2fac31...[0m
[0;32mI (507) app_init: ESP-IDF:          v5.3.1-536-g5955059940[0m
[0;32mI (513) efuse_init: Min chip rev:     v0.0[0m
[0;32mI (518) efuse_init: Max chip rev:     v3.99 [0m
[0;32mI (523) efuse_init: Chip rev:         v3.0[0m
[0;32mI (528) heap_init: Initializing. RAM available for dynamic allocation:[0m
[0;32mI (535) heap_init: At 3FFAE6E0 len 00001920 (6 KiB): DRAM[0m
[0;32mI (541) heap_init: At 3FFB8968 len 00027698 (157 KiB): DRAM[0m
[0;32mI (547) heap_init: At 3FFE0440 len 00003AE0 (14 KiB): D/IRAM[0m
[0;32mI (554) heap_init: At 3FFE4350 len 0001BCB0 (111 KiB): D/IRAM[0m
[0;32mI (560) heap_init: At 40099A54 len 000065AC (25 KiB): IRAM[0m
[0;32mI (568) spi_flash: detected chip: generic[0m
[0;32mI (571) spi_flash: flash io: dio[0m
[0;33mW (575) spi_flash: Detected size(4096k) larger than the size in the binary image header(2048k). Using the size in the binary image header.[0m
[0;33mW (588) i2c: This driver is an old driver, please migrate your application code to adapt `driver/i2c_master.h`[0m
[0;32mI (600) main_task: Started on CPU0[0m
[0;32mI (610) main_task: Calling app_main()[0m
[0;32mI (610) progress: [APP] Free memory: 273572 bytes[0m
[0;32mI (610) progress: [APP] IDF version: v5.3.1-536-g5955059940[0m
[0;31mE (620) i2cdev: Could not write to device [0x0b at 0]: -1 (ESP_FAIL)[0m
[0;32mI (730) gauge: Power Mode: 0x1[0m
[0;32mI (730) gauge: APA: 0x2A[0m
[0;32mI (730) gauge: Battery Profile: 0x1[0m
[0;32mI (730) gauge: Temp Mode: 0x0[0m
[0;32mI (730) gauge: Voltage: 4.00	RSOC: 78.0%[0m
[0;32mI (760) progress: Starting Wifi[0m
[0;32mI (4350) progress: Starting Clock[0m
[0;32mI (6350) progress: The current date/time in Germany is: Sun Nov  3 19:08:00 2024[0m
[0;32mI (6350) progress: Starting MQTT[0m
[0;32mI (6350) mqtt: [APP] Free memory: 225264 bytes[0m
[0;32mI (6360) mqtt: MQTT_EVENT_BEFORE_CONNECT
[0m
[0;32mI (6370) mqtt: Note free memory: 213876 bytes[0m
[0;32mI (6370) mqtt: Waiting for connection to MQTT
[0m
[0;32mI (6730) mqtt: MQTT_EVENT_CONNECTED
[0m
[0;32mI (6730) mqtt: Connected to MQTT
[0m
[0;32mI (6730) progress: Sending battery status to MQTT[0m
[0;32mI (6740) mqtt: Sent <{"sensors":[{"name":"battery","values":[{"timestamp":1730657280000, "voltage":4.0, "soc":78.0}]}]}> to topic 1/2/data[0m
[0;32mI (6750) progress: Sending PIR event to MQTT[0m
[0;32mI (6750) mqtt: Sent <{"sensors":[{"name":"PIR","values":[{"timestamp":1730657280000, "roomID":"corridor"}]}]}> to topic 1/2/data[0m
[0;32mI (6770) progress: Installing wakeup[0m
[0;32mI (6780) mqtt: MQTT_EVENT_PUBLISHED, msg_id=38761
[0m
[0;32mI (6790) mqtt: MQTT_EVENT_PUBLISHED, msg_id=22188
[0m
[0;32mI (9770) progress: Going to sleep[0m
ets Jul 29 2019 12:21:46

rst:0x5 (DEEPSLEEP_RESET),boot:0x13 (SPI_FAST_FLASH_BOOT)
configsip: 0, SPIWP:0xee
clk_drv:0x00,q_drv:0x00,d_drv:0x00,cs0_drv:0x00,hd_drv:0x00,wp_drv:0x00
mode:DIO, clock div:2
load:0x3fff0030,len:7176
load:0x40078000,len:15564
ho 0 tail 12 room 4
load:0x40080400,len:4
load:0x40080404,len:3904
entry 0x40080640
[0;32mI (31) boot: ESP-IDF v5.3.1-536-g5955059940 2nd stage bootloader[0m
[0;32mI (31) boot: compile time Nov  3 2024 18:20:51[0m
[0;32mI (33) boot: Multicore bootloader[0m
[0;32mI (37) boot: chip revision: v3.0[0m
[0;32mI (41) boot.esp32: SPI Speed      : 40MHz[0m
[0;32mI (45) boot.esp32: SPI Mode       : DIO[0m
[0;32mI (50) boot.esp32: SPI Flash Size : 2MB[0m
[0;32mI (54) boot: Enabling RNG early entropy source...[0m
[0;32mI (60) boot: Partition Table:[0m
[0;32mI (63) boot: ## Label            Usage          Type ST Offset   Length[0m
[0;32mI (71) boot:  0 nvs              WiFi data        01 02 00009000 00006000[0m
[0;32mI (78) boot:  1 phy_init         RF data          01 01 0000f000 00001000[0m
[0;32mI (86) boot:  2 factory          factory app      00 00 00010000 00177000[0m
[0;32mI (93) boot: End of partition table[0m
[0;32mI (97) esp_image: segment 0: paddr=00010020 vaddr=3f400020 size=27f40h (163648) map[0m
[0;32mI (162) esp_image: segment 1: paddr=00037f68 vaddr=3ff80063 size=00008h (     8) [0m
[0;32mI (162) esp_image: segment 2: paddr=00037f78 vaddr=3ffb0000 size=04048h ( 16456) load[0m
[0;32mI (174) esp_image: segment 3: paddr=0003bfc8 vaddr=40080000 size=04050h ( 16464) load[0m
[0;32mI (182) esp_image: segment 4: paddr=00040020 vaddr=400d0020 size=a4204h (672260) map[0m
[0;32mI (415) esp_image: segment 5: paddr=000e422c vaddr=40084050 size=15a04h ( 88580) load[0m
[0;32mI (449) esp_image: segment 6: paddr=000f9c38 vaddr=400c0000 size=00064h (   100) [0m
[0;32mI (463) boot: Loaded app from partition at offset 0x10000[0m
[0;32mI (463) boot: Disabling RNG early entropy source...[0m
[0;32mI (475) cpu_start: Multicore app[0m
[0;32mI (484) cpu_start: Pro cpu start user code[0m
[0;32mI (484) cpu_start: cpu freq: 160000000 Hz[0m
[0;32mI (484) app_init: Application information:[0m
[0;32mI (487) app_init: Project name:     PIR[0m
[0;32mI (491) app_init: App version:      1[0m
[0;32mI (495) app_init: Compile time:     Nov  3 2024 18:20:44[0m
[0;32mI (501) app_init: ELF file SHA256:  8e6e6f27af2fac31...[0m
[0;32mI (507) app_init: ESP-IDF:          v5.3.1-536-g5955059940[0m
[0;32mI (513) efuse_init: Min chip rev:     v0.0[0m
[0;32mI (518) efuse_init: Max chip rev:     v3.99 [0m
[0;32mI (523) efuse_init: Chip rev:         v3.0[0m
[0;32mI (528) heap_init: Initializing. RAM available for dynamic allocation:[0m
[0;32mI (535) heap_init: At 3FFAE6E0 len 00001920 (6 KiB): DRAM[0m
[0;32mI (541) heap_init: At 3FFB8968 len 00027698 (157 KiB): DRAM[0m
[0;32mI (547) heap_init: At 3FFE0440 len 00003AE0 (14 KiB): D/IRAM[0m
[0;32mI (554) heap_init: At 3FFE4350 len 0001BCB0 (111 KiB): D/IRAM[0m
[0;32mI (560) heap_init: At 40099A54 len 000065AC (25 KiB): IRAM[0m
[0;32mI (568) spi_flash: detected chip: generic[0m
[0;32mI (571) spi_flash: flash io: dio[0m
[0;33mW (575) spi_flash: Detected size(4096k) larger than the size in the binary image header(2048k). Using the size in the binary image header.[0m
[0;33mW (588) i2c: This driver is an old driver, please migrate your application code to adapt `driver/i2c_master.h`[0m
[0;32mI (600) main_task: Started on CPU0[0m
[0;32mI (610) main_task: Calling app_main()[0m
[0;32mI (610) progress: [APP] Free memory: 273572 bytes[0m
[0;32mI (610) progress: [APP] IDF version: v5.3.1-536-g5955059940[0m
[0;31mE (620) i2cdev: Could not write to device [0x0b at 0]: -1 (ESP_FAIL)[0m
[0;32mI (730) gauge: Power Mode: 0x1[0m
[0;32mI (730) gauge: APA: 0x2A[0m
[0;32mI (730) gauge: Battery Profile: 0x1[0m
[0;32mI (730) gauge: Temp Mode: 0x0[0m
[0;32mI (730) gauge: Voltage: 4.05	RSOC: 85.0%[0m
[0;32mI (760) progress: Starting Wifi[0m
[0;32mI (4340) progress: Starting Clock[0m
[0;32mI (8340) progress: The current date/time in Germany is: Sun Nov  3 19:08:11 2024[0m
[0;32mI (8340) progress: Starting MQTT[0m
[0;32mI (8340) mqtt: [APP] Free memory: 225268 bytes[0m
[0;32mI (8350) mqtt: MQTT_EVENT_BEFORE_CONNECT
[0m
[0;32mI (8360) mqtt: Note free memory: 213860 bytes[0m
[0;32mI (8360) mqtt: Waiting for connection to MQTT
[0m
[0;32mI (8420) mqtt: MQTT_EVENT_CONNECTED
[0m
[0;32mI (8420) mqtt: Connected to MQTT
[0m
[0;32mI (8420) progress: Sending battery status to MQTT[0m
[0;32mI (8420) mqtt: Sent <{"sensors":[{"name":"battery","values":[{"timestamp":1730657291000, "voltage":4.1, "soc":85.0}]}]}> to topic 1/2/data[0m
[0;32mI (8440) progress: Sending PIR event to MQTT[0m
[0;32mI (8440) mqtt: Sent <{"sensors":[{"name":"PIR","values":[{"timestamp":1730657291000, "roomID":"corridor"}]}]}> to topic 1/2/data[0m
[0;32mI (8450) mqtt: MQTT_EVENT_PUBLISHED, msg_id=8716
[0m
[0;32mI (8460) progress: Installing wakeup[0m
[0;32mI (8480) mqtt: MQTT_EVENT_PUBLISHED, msg_id=47425
[0m
[0;32mI (9460) progress: Going to sleep[0m
ets Jul 29 2019 12:21:46

rst:0x5 (DEEPSLEEP_RESET),boot:0x13 (SPI_FAST_FLASH_BOOT)
configsip: 0, SPIWP:0xee
clk_drv:0x00,q_drv:0x00,d_drv:0x00,cs0_drv:0x00,hd_drv:0x00,wp_drv:0x00
mode:DIO, clock div:2
load:0x3fff0030,len:7176
load:0x40078000,len:15564
ho 0 tail 12 room 4
load:0x40080400,len:4
load:0x40080404,len:3904
entry 0x40080640
[0;32mI (31) boot: ESP-IDF v5.3.1-536-g5955059940 2nd stage bootloader[0m
[0;32mI (31) boot: compile time Nov  3 2024 18:20:51[0m
[0;32mI (33) boot: Multicore bootloader[0m
[0;32mI (37) boot: chip revision: v3.0[0m
[0;32mI (41) boot.esp32: SPI Speed      : 40MHz[0m
[0;32mI (45) boot.esp32: SPI Mode       : DIO[0m
[0;32mI (50) boot.esp32: SPI Flash Size : 2MB[0m
[0;32mI (54) boot: Enabling RNG early entropy source...[0m
[0;32mI (60) boot: Partition Table:[0m
[0;32mI (63) boot: ## Label            Usage          Type ST Offset   Length[0m
[0;32mI (71) boot:  0 nvs              WiFi data        01 02 00009000 00006000[0m
[0;32mI (78) boot:  1 phy_init         RF data          01 01 0000f000 00001000[0m
[0;32mI (86) boot:  2 factory          factory app      00 00 00010000 00177000[0m
[0;32mI (93) boot: End of partition table[0m
[0;32mI (97) esp_image: segment 0: paddr=00010020 vaddr=3f400020 size=27f40h (163648) map[0m
[0;32mI (162) esp_image: segment 1: paddr=00037f68 vaddr=3ff80063 size=00008h (     8) [0m
[0;32mI (162) esp_image: segment 2: paddr=00037f78 vaddr=3ffb0000 size=04048h ( 16456) load[0m
[0;32mI (174) esp_image: segment 3: paddr=0003bfc8 vaddr=40080000 size=04050h ( 16464) load[0m
[0;32mI (182) esp_image: segment 4: paddr=00040020 vaddr=400d0020 size=a4204h (672260) map[0m
[0;32mI (415) esp_image: segment 5: paddr=000e422c vaddr=40084050 size=15a04h ( 88580) load[0m
[0;32mI (449) esp_image: segment 6: paddr=000f9c38 vaddr=400c0000 size=00064h (   100) [0m
[0;32mI (463) boot: Loaded app from partition at offset 0x10000[0m
[0;32mI (463) boot: Disabling RNG early entropy source...[0m
[0;32mI (475) cpu_start: Multicore app[0m
[0;32mI (484) cpu_start: Pro cpu start user code[0m
[0;32mI (484) cpu_start: cpu freq: 160000000 Hz[0m
[0;32mI (484) app_init: Application information:[0m
[0;32mI (487) app_init: Project name:     PIR[0m
[0;32mI (491) app_init: App version:      1[0m
[0;32mI (495) app_init: Compile time:     Nov  3 2024 18:20:44[0m
[0;32mI (501) app_init: ELF file SHA256:  8e6e6f27af2fac31...[0m
[0;32mI (507) app_init: ESP-IDF:          v5.3.1-536-g5955059940[0m
[0;32mI (513) efuse_init: Min chip rev:     v0.0[0m
[0;32mI (518) efuse_init: Max chip rev:     v3.99 [0m
[0;32mI (523) efuse_init: Chip rev:         v3.0[0m
[0;32mI (528) heap_init: Initializing. RAM available for dynamic allocation:[0m
[0;32mI (535) heap_init: At 3FFAE6E0 len 00001920 (6 KiB): DRAM[0m
[0;32mI (541) heap_init: At 3FFB8968 len 00027698 (157 KiB): DRAM[0m
[0;32mI (547) heap_init: At 3FFE0440 len 00003AE0 (14 KiB): D/IRAM[0m
[0;32mI (554) heap_init: At 3FFE4350 len 0001BCB0 (111 KiB): D/IRAM[0m
[0;32mI (560) heap_init: At 40099A54 len 000065AC (25 KiB): IRAM[0m
[0;32mI (568) spi_flash: detected chip: generic[0m
[0;32mI (571) spi_flash: flash io: dio[0m
[0;33mW (575) spi_flash: Detected size(4096k) larger than the size in the binary image header(2048k). Using the size in the binary image header.[0m
[0;33mW (588) i2c: This driver is an old driver, please migrate your application code to adapt `driver/i2c_master.h`[0m
[0;32mI (600) main_task: Started on CPU0[0m
[0;32mI (610) main_task: Calling app_main()[0m
[0;32mI (610) progress: [APP] Free memory: 273572 bytes[0m
[0;32mI (610) progress: [APP] IDF version: v5.3.1-536-g5955059940[0m
[0;31mE (620) i2cdev: Could not write to device [0x0b at 0]: -1 (ESP_FAIL)[0m
[0;32mI (730) gauge: Power Mode: 0x1[0m
[0;32mI (730) gauge: APA: 0x2A[0m
[0;32mI (730) gauge: Battery Profile: 0x1[0m
[0;32mI (730) gauge: Temp Mode: 0x0[0m
[0;32mI (730) gauge: Voltage: 4.22	RSOC: 100.0%[0m
[0;32mI (760) progress: Starting Wifi[0m
[0;32mI (4340) progress: Starting Clock[0m
[0;32mI (8340) progress: The current date/time in Germany is: Sun Nov  3 19:08:21 2024[0m
[0;32mI (8340) progress: Starting MQTT[0m
[0;32mI (8340) mqtt: [APP] Free memory: 225264 bytes[0m
[0;32mI (8350) mqtt: MQTT_EVENT_BEFORE_CONNECT
[0m
[0;32mI (8360) mqtt: Note free memory: 213876 bytes[0m
[0;32mI (8360) mqtt: Waiting for connection to MQTT
[0m
[0;32mI (8790) mqtt: MQTT_EVENT_CONNECTED
[0m
[0;32mI (8790) mqtt: Connected to MQTT
[0m
[0;32mI (8790) progress: Sending battery status to MQTT[0m
[0;32mI (8790) mqtt: Sent <{"sensors":[{"name":"battery","values":[{"timestamp":1730657301000, "voltage":4.2, "soc":100.0}]}]}> to topic 1/2/data[0m
[0;32mI (8810) progress: Sending PIR event to MQTT[0m
[0;32mI (8810) mqtt: Sent <{"sensors":[{"name":"PIR","values":[{"timestamp":1730657301000, "roomID":"corridor"}]}]}> to topic 1/2/data[0m
[0;32mI (8820) mqtt: MQTT_EVENT_PUBLISHED, msg_id=27313
[0m
[0;32mI (8830) progress: Installing wakeup[0m
[0;32mI (8840) mqtt: MQTT_EVENT_PUBLISHED, msg_id=5492
[0m
[0;32mI (10830) progress: Going to sleep[0m
ets Jul 29 2019 12:21:46

rst:0x5 (DEEPSLEEP_RESET),boot:0x13 (SPI_FAST_FLASH_BOOT)
configsip: 0, SPIWP:0xee
clk_drv:0x00,q_drv:0x00,d_drv:0x00,cs0_drv:0x00,hd_drv:0x00,wp_drv:0x00
mode:DIO, clock div:2
load:0x3fff0030,len:7176
load:0x40078000,len:15564
ho 0 tail 12 room 4
load:0x40080400,len:4
load:0x40080404,len:3904
entry 0x40080640
[0;32mI (31) boot: ESP-IDF v5.3.1-536-g5955059940 2nd stage bootloader[0m
[0;32mI (31) boot: compile time Nov  3 2024 18:20:51[0m
[0;32mI (33) boot: Multicore bootloader[0m
[0;32mI (37) boot: chip revision: v3.0[0m
[0;32mI (41) boot.esp32: SPI Speed      : 40MHz[0m
[0;32mI (45) boot.esp32: SPI Mode       : DIO[0m
[0;32mI (50) boot.esp32: SPI Flash Size : 2MB[0m
[0;32mI (54) boot: Enabling RNG early entropy source...[0m
[0;32mI (60) boot: Partition Table:[0m
[0;32mI (63) boot: ## Label            Usage          Type ST Offset   Length[0m
[0;32mI (71) boot:  0 nvs              WiFi data        01 02 00009000 00006000[0m
[0;32mI (78) boot:  1 phy_init         RF data          01 01 0000f000 00001000[0m
[0;32mI (86) boot:  2 factory          factory app      00 00 00010000 00177000[0m
[0;32mI (93) boot: End of partition table[0m
[0;32mI (97) esp_image: segment 0: paddr=00010020 vaddr=3f400020 size=27f40h (163648) map[0m
[0;32mI (162) esp_image: segment 1: paddr=00037f68 vaddr=3ff80063 size=00008h (     8) [0m
[0;32mI (162) esp_image: segment 2: paddr=00037f78 vaddr=3ffb0000 size=04048h ( 16456) load[0m
[0;32mI (174) esp_image: segment 3: paddr=0003bfc8 vaddr=40080000 size=04050h ( 16464) load[0m
[0;32mI (182) esp_image: segment 4: paddr=00040020 vaddr=400d0020 size=a4204h (672260) map[0m
[0;32mI (415) esp_image: segment 5: paddr=000e422c vaddr=40084050 size=15a04h ( 88580) load[0m
[0;32mI (449) esp_image: segment 6: paddr=000f9c38 vaddr=400c0000 size=00064h (   100) [0m
[0;32mI (463) boot: Loaded app from partition at offset 0x10000[0m
[0;32mI (463) boot: Disabling RNG early entropy source...[0m
[0;32mI (475) cpu_start: Multicore app[0m
[0;32mI (484) cpu_start: Pro cpu start user code[0m
[0;32mI (484) cpu_start: cpu freq: 160000000 Hz[0m
[0;32mI (484) app_init: Application information:[0m
[0;32mI (487) app_init: Project name:     PIR[0m
[0;32mI (491) app_init: App version:      1[0m
[0;32mI (495) app_init: Compile time:     Nov  3 2024 18:20:44[0m
[0;32mI (501) app_init: ELF file SHA256:  8e6e6f27af2fac31...[0m
[0;32mI (507) app_init: ESP-IDF:          v5.3.1-536-g5955059940[0m
[0;32mI (513) efuse_init: Min chip rev:     v0.0[0m
[0;32mI (518) efuse_init: Max chip rev:     v3.99 [0m
[0;32mI (523) efuse_init: Chip rev:         v3.0[0m
[0;32mI (528) heap_init: Initializing. RAM available for dynamic allocation:[0m
[0;32mI (535) heap_init: At 3FFAE6E0 len 00001920 (6 KiB): DRAM[0m
[0;32mI (541) heap_init: At 3FFB8968 len 00027698 (157 KiB): DRAM[0m
[0;32mI (547) heap_init: At 3FFE0440 len 00003AE0 (14 KiB): D/IRAM[0m
[0;32mI (554) heap_init: At 3FFE4350 len 0001BCB0 (111 KiB): D/IRAM[0m
[0;32mI (560) heap_init: At 40099A54 len 000065AC (25 KiB): IRAM[0m
[0;32mI (568) spi_flash: detected chip: generic[0m
[0;32mI (571) spi_flash: flash io: dio[0m
[0;33mW (575) spi_flash: Detected size(4096k) larger than the size in the binary image header(2048k). Using the size in the binary image header.[0m
[0;33mW (588) i2c: This driver is an old driver, please migrate your application code to adapt `driver/i2c_master.h`[0m
[0;32mI (600) main_task: Started on CPU0[0m
[0;32mI (610) main_task: Calling app_main()[0m
[0;32mI (610) progress: [APP] Free memory: 273572 bytes[0m
[0;32mI (610) progress: [APP] IDF version: v5.3.1-536-g5955059940[0m
[0;31mE (620) i2cdev: Could not write to device [0x0b at 0]: -1 (ESP_FAIL)[0m
[0;32mI (730) gauge: Power Mode: 0x1[0m
[0;32mI (730) gauge: APA: 0x2A[0m
[0;32mI (730) gauge: Battery Profile: 0x1[0m
[0;32mI (730) gauge: Temp Mode: 0x0[0m
[0;32mI (730) gauge: Voltage: 4.07	RSOC: 87.0%[0m
[0;32mI (760) progress: Starting Wifi[0m
[0;32mI (4380) progress: Starting Clock[0m
[0;32mI (6380) progress: The current date/time in Germany is: Sun Nov  3 19:09:02 2024[0m
[0;32mI (6380) progress: Starting MQTT[0m
[0;32mI (6380) mqtt: [APP] Free memory: 225268 bytes[0m
[0;32mI (6390) mqtt: MQTT_EVENT_BEFORE_CONNECT
[0m
[0;32mI (6400) mqtt: Note free memory: 213696 bytes[0m
[0;32mI (6400) mqtt: Waiting for connection to MQTT
[0m
[0;32mI (6460) mqtt: MQTT_EVENT_CONNECTED
[0m
[0;32mI (6460) mqtt: Connected to MQTT
[0m
[0;32mI (6460) progress: Sending battery status to MQTT[0m
[0;32mI (6460) mqtt: Sent <{"sensors":[{"name":"battery","values":[{"timestamp":1730657342000, "voltage":4.1, "soc":87.0}]}]}> to topic 1/2/data[0m
[0;32mI (6480) progress: Sending PIR event to MQTT[0m
[0;32mI (6480) mqtt: Sent <{"sensors":[{"name":"PIR","values":[{"timestamp":1730657342000, "roomID":"corridor"}]}]}> to topic 1/2/data[0m
[0;32mI (6490) mqtt: MQTT_EVENT_PUBLISHED, msg_id=11228
[0m
[0;32mI (6500) progress: Installing wakeup[0m
[0;32mI (6510) mqtt: MQTT_EVENT_PUBLISHED, msg_id=50518
[0m
[0;32mI (8500) progress: Going to sleep[0m
ets Jul 29 2019 12:21:46

rst:0x5 (DEEPSLEEP_RESET),boot:0x13 (SPI_FAST_FLASH_BOOT)
configsip: 0, SPIWP:0xee
clk_drv:0x00,q_drv:0x00,d_drv:0x00,cs0_drv:0x00,hd_drv:0x00,wp_drv:0x00
mode:DIO, clock div:2
load:0x3fff0030,len:7176
load:0x40078000,len:15564
ho 0 tail 12 room 4
load:0x40080400,len:4
load:0x40080404,len:3904
entry 0x40080640
[0;32mI (31) boot: ESP-IDF v5.3.1-536-g5955059940 2nd stage bootloader[0m
[0;32mI (31) boot: compile time Nov  3 2024 18:20:51[0m
[0;32mI (33) boot: Multicore bootloader[0m
[0;32mI (37) boot: chip revision: v3.0[0m
[0;32mI (41) boot.esp32: SPI Speed      : 40MHz[0m
[0;32mI (45) boot.esp32: SPI Mode       : DIO[0m
[0;32mI (50) boot.esp32: SPI Flash Size : 2MB[0m
[0;32mI (54) boot: Enabling RNG early entropy source...[0m
[0;32mI (60) boot: Partition Table:[0m
[0;32mI (63) boot: ## Label            Usage          Type ST Offset   Length[0m
[0;32mI (71) boot:  0 nvs              WiFi data        01 02 00009000 00006000[0m
[0;32mI (78) boot:  1 phy_init         RF data          01 01 0000f000 00001000[0m
[0;32mI (86) boot:  2 factory          factory app      00 00 00010000 00177000[0m
[0;32mI (93) boot: End of partition table[0m
[0;32mI (97) esp_image: segment 0: paddr=00010020 vaddr=3f400020 size=27f40h (163648) map[0m
[0;32mI (162) esp_image: segment 1: paddr=00037f68 vaddr=3ff80063 size=00008h (     8) [0m
[0;32mI (162) esp_image: segment 2: paddr=00037f78 vaddr=3ffb0000 size=04048h ( 16456) load[0m
[0;32mI (174) esp_image: segment 3: paddr=0003bfc8 vaddr=40080000 size=04050h ( 16464) load[0m
[0;32mI (182) esp_image: segment 4: paddr=00040020 vaddr=400d0020 size=a4204h (672260) map[0m
[0;32mI (415) esp_image: segment 5: paddr=000e422c vaddr=40084050 size=15a04h ( 88580) load[0m
[0;32mI (449) esp_image: segment 6: paddr=000f9c38 vaddr=400c0000 size=00064h (   100) [0m
[0;32mI (463) boot: Loaded app from partition at offset 0x10000[0m
[0;32mI (463) boot: Disabling RNG early entropy source...[0m
[0;32mI (475) cpu_start: Multicore app[0m
[0;32mI (484) cpu_start: Pro cpu start user code[0m
[0;32mI (484) cpu_start: cpu freq: 160000000 Hz[0m
[0;32mI (484) app_init: Application information:[0m
[0;32mI (487) app_init: Project name:     PIR[0m
[0;32mI (491) app_init: App version:      1[0m
[0;32mI (495) app_init: Compile time:     Nov  3 2024 18:20:44[0m
[0;32mI (501) app_init: ELF file SHA256:  8e6e6f27af2fac31...[0m
[0;32mI (507) app_init: ESP-IDF:          v5.3.1-536-g5955059940[0m
[0;32mI (513) efuse_init: Min chip rev:     v0.0[0m
[0;32mI (518) efuse_init: Max chip rev:     v3.99 [0m
[0;32mI (523) efuse_init: Chip rev:         v3.0[0m
[0;32mI (528) heap_init: Initializing. RAM available for dynamic allocation:[0m
[0;32mI (535) heap_init: At 3FFAE6E0 len 00001920 (6 KiB): DRAM[0m
[0;32mI (541) heap_init: At 3FFB8968 len 00027698 (157 KiB): DRAM[0m
[0;32mI (547) heap_init: At 3FFE0440 len 00003AE0 (14 KiB): D/IRAM[0m
[0;32mI (554) heap_init: At 3FFE4350 len 0001BCB0 (111 KiB): D/IRAM[0m
[0;32mI (560) heap_init: At 40099A54 len 000065AC (25 KiB): IRAM[0m
[0;32mI (568) spi_flash: detected chip: generic[0m
[0;32mI (571) spi_flash: flash io: dio[0m
[0;33mW (575) spi_flash: Detected size(4096k) larger than the size in the binary image header(2048k). Using the size in the binary image header.[0m
[0;33mW (588) i2c: This driver is an old driver, please migrate your application code to adapt `driver/i2c_master.h`[0m
[0;32mI (600) main_task: Started on CPU0[0m
[0;32mI (610) main_task: Calling app_main()[0m
[0;32mI (610) progress: [APP] Free memory: 273572 bytes[0m
[0;32mI (610) progress: [APP] IDF version: v5.3.1-536-g5955059940[0m
[0;31mE (620) i2cdev: Could not write to device [0x0b at 0]: -1 (ESP_FAIL)[0m
[0;32mI (730) gauge: Power Mode: 0x1[0m
[0;32mI (730) gauge: APA: 0x2A[0m
[0;32mI (730) gauge: Battery Profile: 0x1[0m
[0;32mI (730) gauge: Temp Mode: 0x0[0m
[0;32mI (730) gauge: Voltage: 4.00	RSOC: 78.0%[0m
[0;32mI (760) progress: Starting Wifi[0m
[0;32mI (4440) progress: Starting Clock[0m
[0;32mI (6440) progress: The current date/time in Germany is: Sun Nov  3 19:09:10 2024[0m
[0;32mI (6440) progress: Starting MQTT[0m
[0;32mI (6440) mqtt: [APP] Free memory: 225264 bytes[0m
[0;32mI (6450) mqtt: MQTT_EVENT_BEFORE_CONNECT
[0m
[0;32mI (6460) mqtt: Note free memory: 213876 bytes[0m
[0;32mI (6460) mqtt: Waiting for connection to MQTT
[0m
[0;32mI (6770) mqtt: MQTT_EVENT_CONNECTED
[0m
[0;32mI (6780) mqtt: Connected to MQTT
[0m
[0;32mI (6780) progress: Sending battery status to MQTT[0m
[0;32mI (6780) mqtt: Sent <{"sensors":[{"name":"battery","values":[{"timestamp":1730657351000, "voltage":4.0, "soc":78.0}]}]}> to topic 1/2/data[0m
[0;32mI (6790) progress: Sending PIR event to MQTT[0m
[0;32mI (6800) mqtt: Sent <{"sensors":[{"name":"PIR","values":[{"timestamp":1730657351000, "roomID":"corridor"}]}]}> to topic 1/2/data[0m
[0;32mI (6800) mqtt: MQTT_EVENT_PUBLISHED, msg_id=55337
[0m
[0;32mI (6820) progress: Installing wakeup[0m
[0;32mI (6820) progress: Going to sleep[0m
ets Jul 29 2019 12:21:46

rst:0x5 (DEEPSLEEP_RESET),boot:0x13 (SPI_FAST_FLASH_BOOT)
configsip: 0, SPIWP:0xee
clk_drv:0x00,q_drv:0x00,d_drv:0x00,cs0_drv:0x00,hd_drv:0x00,wp_drv:0x00
mode:DIO, clock div:2
load:0x3fff0030,len:7176
load:0x40078000,len:15564
ho 0 tail 12 room 4
load:0x40080400,len:4
load:0x40080404,len:3904
entry 0x40080640
[0;32mI (31) boot: ESP-IDF v5.3.1-536-g5955059940 2nd stage bootloader[0m
[0;32mI (31) boot: compile time Nov  3 2024 18:20:51[0m
[0;32mI (33) boot: Multicore bootloader[0m
[0;32mI (37) boot: chip revision: v3.0[0m
[0;32mI (41) boot.esp32: SPI Speed      : 40MHz[0m
[0;32mI (45) boot.esp32: SPI Mode       : DIO[0m
[0;32mI (50) boot.esp32: SPI Flash Size : 2MB[0m
[0;32mI (54) boot: Enabling RNG early entropy source...[0m
[0;32mI (60) boot: Partition Table:[0m
[0;32mI (63) boot: ## Label            Usage          Type ST Offset   Length[0m
[0;32mI (71) boot:  0 nvs              WiFi data        01 02 00009000 00006000[0m
[0;32mI (78) boot:  1 phy_init         RF data          01 01 0000f000 00001000[0m
[0;32mI (86) boot:  2 factory          factory app      00 00 00010000 00177000[0m
[0;32mI (93) boot: End of partition table[0m
[0;32mI (97) esp_image: segment 0: paddr=00010020 vaddr=3f400020 size=27f40h (163648) map[0m
[0;32mI (162) esp_image: segment 1: paddr=00037f68 vaddr=3ff80063 size=00008h (     8) [0m
[0;32mI (162) esp_image: segment 2: paddr=00037f78 vaddr=3ffb0000 size=04048h ( 16456) load[0m
[0;32mI (174) esp_image: segment 3: paddr=0003bfc8 vaddr=40080000 size=04050h ( 16464) load[0m
[0;32mI (182) esp_image: segment 4: paddr=00040020 vaddr=400d0020 size=a4204h (672260) map[0m
[0;32mI (415) esp_image: segment 5: paddr=000e422c vaddr=40084050 size=15a04h ( 88580) load[0m
[0;32mI (449) esp_image: segment 6: paddr=000f9c38 vaddr=400c0000 size=00064h (   100) [0m
[0;32mI (463) boot: Loaded app from partition at offset 0x10000[0m
[0;32mI (463) boot: Disabling RNG early entropy source...[0m
[0;32mI (475) cpu_start: Multicore app[0m
[0;32mI (484) cpu_start: Pro cpu start user code[0m
[0;32mI (484) cpu_start: cpu freq: 160000000 Hz[0m
[0;32mI (484) app_init: Application information:[0m
[0;32mI (487) app_init: Project name:     PIR[0m
[0;32mI (491) app_init: App version:      1[0m
[0;32mI (495) app_init: Compile time:     Nov  3 2024 18:20:44[0m
[0;32mI (501) app_init: ELF file SHA256:  8e6e6f27af2fac31...[0m
[0;32mI (507) app_init: ESP-IDF:          v5.3.1-536-g5955059940[0m
[0;32mI (513) efuse_init: Min chip rev:     v0.0[0m
[0;32mI (518) efuse_init: Max chip rev:     v3.99 [0m
[0;32mI (523) efuse_init: Chip rev:         v3.0[0m
[0;32mI (528) heap_init: Initializing. RAM available for dynamic allocation:[0m
[0;32mI (535) heap_init: At 3FFAE6E0 len 00001920 (6 KiB): DRAM[0m
[0;32mI (541) heap_init: At 3FFB8968 len 00027698 (157 KiB): DRAM[0m
[0;32mI (547) heap_init: At 3FFE0440 len 00003AE0 (14 KiB): D/IRAM[0m
[0;32mI (554) heap_init: At 3FFE4350 len 0001BCB0 (111 KiB): D/IRAM[0m
[0;32mI (560) heap_init: At 40099A54 len 000065AC (25 KiB): IRAM[0m
[0;32mI (568) spi_flash: detected chip: generic[0m
[0;32mI (571) spi_flash: flash io: dio[0m
[0;33mW (575) spi_flash: Detected size(4096k) larger than the size in the binary image header(2048k). Using the size in the binary image header.[0m
[0;33mW (588) i2c: This driver is an old driver, please migrate your application code to adapt `driver/i2c_master.h`[0m
[0;32mI (600) main_task: Started on CPU0[0m
[0;32mI (610) main_task: Calling app_main()[0m
[0;32mI (610) progress: [APP] Free memory: 273572 bytes[0m
[0;32mI (610) progress: [APP] IDF version: v5.3.1-536-g5955059940[0m
[0;31mE (620) i2cdev: Could not write to device [0x0b at 0]: -1 (ESP_FAIL)[0m
[0;32mI (730) gauge: Power Mode: 0x1[0m
[0;32mI (730) gauge: APA: 0x2A[0m
[0;32mI (730) gauge: Battery Profile: 0x1[0m
[0;32mI (730) gauge: Temp Mode: 0x0[0m
[0;32mI (730) gauge: Voltage: 4.05	RSOC: 85.0%[0m
[0;32mI (760) progress: Starting Wifi[0m
[0;32mI (4340) progress: Starting Clock[0m
[0;32mI (8340) progress: The current date/time in Germany is: Sun Nov  3 19:09:23 2024[0m
[0;32mI (8340) progress: Starting MQTT[0m
[0;32mI (8340) mqtt: [APP] Free memory: 225244 bytes[0m
[0;32mI (8350) mqtt: MQTT_EVENT_BEFORE_CONNECT
[0m
[0;32mI (8360) mqtt: Note free memory: 213676 bytes[0m
[0;32mI (8360) mqtt: Waiting for connection to MQTT
[0m
[0;32mI (8720) mqtt: MQTT_EVENT_CONNECTED
[0m
[0;32mI (8730) mqtt: Connected to MQTT
[0m
[0;32mI (8730) progress: Sending battery status to MQTT[0m
[0;32mI (8730) mqtt: Sent <{"sensors":[{"name":"battery","values":[{"timestamp":1730657363000, "voltage":4.1, "soc":85.0}]}]}> to topic 1/2/data[0m
[0;32mI (8740) progress: Sending PIR event to MQTT[0m
[0;32mI (8750) mqtt: Sent <{"sensors":[{"name":"PIR","values":[{"timestamp":1730657363000, "roomID":"corridor"}]}]}> to topic 1/2/data[0m
[0;32mI (8750) mqtt: MQTT_EVENT_PUBLISHED, msg_id=19605
[0m
[0;32mI (8770) progress: Installing wakeup[0m
[0;32mI (8770) progress: Going to sleep[0m
ets Jul 29 2019 12:21:46

rst:0x5 (DEEPSLEEP_RESET),boot:0x13 (SPI_FAST_FLASH_BOOT)
configsip: 0, SPIWP:0xee
clk_drv:0x00,q_drv:0x00,d_drv:0x00,cs0_drv:0x00,hd_drv:0x00,wp_drv:0x00
mode:DIO, clock div:2
load:0x3fff0030,len:7176
load:0x40078000,len:15564
ho 0 tail 12 room 4
load:0x40080400,len:4
load:0x40080404,len:3904
entry 0x40080640
[0;32mI (31) boot: ESP-IDF v5.3.1-536-g5955059940 2nd stage bootloader[0m
[0;32mI (31) boot: compile time Nov  3 2024 18:20:51[0m
[0;32mI (33) boot: Multicore bootloader[0m
[0;32mI (37) boot: chip revision: v3.0[0m
[0;32mI (41) boot.esp32: SPI Speed      : 40MHz[0m
[0;32mI (45) boot.esp32: SPI Mode       : DIO[0m
[0;32mI (50) boot.esp32: SPI Flash Size : 2MB[0m
[0;32mI (54) boot: Enabling RNG early entropy source...[0m
[0;32mI (60) boot: Partition Table:[0m
[0;32mI (63) boot: ## Label            Usage          Type ST Offset   Length[0m
[0;32mI (71) boot:  0 nvs              WiFi data        01 02 00009000 00006000[0m
[0;32mI (78) boot:  1 phy_init         RF data          01 01 0000f000 00001000[0m
[0;32mI (86) boot:  2 factory          factory app      00 00 00010000 00177000[0m
[0;32mI (93) boot: End of partition table[0m
[0;32mI (97) esp_image: segment 0: paddr=00010020 vaddr=3f400020 size=27f40h (163648) map[0m
[0;32mI (162) esp_image: segment 1: paddr=00037f68 vaddr=3ff80063 size=00008h (     8) [0m
[0;32mI (162) esp_image: segment 2: paddr=00037f78 vaddr=3ffb0000 size=04048h ( 16456) load[0m
[0;32mI (174) esp_image: segment 3: paddr=0003bfc8 vaddr=40080000 size=04050h ( 16464) load[0m
[0;32mI (182) esp_image: segment 4: paddr=00040020 vaddr=400d0020 size=a4204h (672260) map[0m
[0;32mI (415) esp_image: segment 5: paddr=000e422c vaddr=40084050 size=15a04h ( 88580) load[0m
[0;32mI (449) esp_image: segment 6: paddr=000f9c38 vaddr=400c0000 size=00064h (   100) [0m
[0;32mI (463) boot: Loaded app from partition at offset 0x10000[0m
[0;32mI (463) boot: Disabling RNG early entropy source...[0m
[0;32mI (475) cpu_start: Multicore app[0m
[0;32mI (484) cpu_start: Pro cpu start user code[0m
[0;32mI (484) cpu_start: cpu freq: 160000000 Hz[0m
[0;32mI (484) app_init: Application information:[0m
[0;32mI (487) app_init: Project name:     PIR[0m
[0;32mI (491) app_init: App version:      1[0m
[0;32mI (495) app_init: Compile time:     Nov  3 2024 18:20:44[0m
[0;32mI (501) app_init: ELF file SHA256:  8e6e6f27af2fac31...[0m
[0;32mI (507) app_init: ESP-IDF:          v5.3.1-536-g5955059940[0m
[0;32mI (513) efuse_init: Min chip rev:     v0.0[0m
[0;32mI (518) efuse_init: Max chip rev:     v3.99 [0m
[0;32mI (523) efuse_init: Chip rev:         v3.0[0m
[0;32mI (528) heap_init: Initializing. RAM available for dynamic allocation:[0m
[0;32mI (535) heap_init: At 3FFAE6E0 len 00001920 (6 KiB): DRAM[0m
[0;32mI (541) heap_init: At 3FFB8968 len 00027698 (157 KiB): DRAM[0m
[0;32mI (547) heap_init: At 3FFE0440 len 00003AE0 (14 KiB): D/IRAM[0m
[0;32mI (554) heap_init: At 3FFE4350 len 0001BCB0 (111 KiB): D/IRAM[0m
[0;32mI (560) heap_init: At 40099A54 len 000065AC (25 KiB): IRAM[0m
[0;32mI (568) spi_flash: detected chip: generic[0m
[0;32mI (571) spi_flash: flash io: dio[0m
[0;33mW (575) spi_flash: Detected size(4096k) larger than the size in the binary image header(2048k). Using the size in the binary image header.[0m
[0;33mW (588) i2c: This driver is an old driver, please migrate your application code to adapt `driver/i2c_master.h`[0m
[0;32mI (600) main_task: Started on CPU0[0m
[0;32mI (610) main_task: Calling app_main()[0m
[0;32mI (610) progress: [APP] Free memory: 273572 bytes[0m
[0;32mI (610) progress: [APP] IDF version: v5.3.1-536-g5955059940[0m
[0;31mE (620) i2cdev: Could not write to device [0x0b at 0]: -1 (ESP_FAIL)[0m
[0;32mI (730) gauge: Power Mode: 0x1[0m
[0;32mI (730) gauge: APA: 0x2A[0m
[0;32mI (730) gauge: Battery Profile: 0x1[0m
[0;32mI (730) gauge: Temp Mode: 0x0[0m
[0;32mI (730) gauge: Voltage: 4.05	RSOC: 85.0%[0m
[0;32mI (760) progress: Starting Wifi[0m
[0;32mI (4410) progress: Starting Clock[0m
[0;32mI (8410) progress: The current date/time in Germany is: Sun Nov  3 19:09:37 2024[0m
[0;32mI (8410) progress: Starting MQTT[0m
[0;32mI (8410) mqtt: [APP] Free memory: 225028 bytes[0m
[0;32mI (8420) mqtt: MQTT_EVENT_BEFORE_CONNECT
[0m
[0;32mI (8420) mqtt: Note free memory: 213740 bytes[0m
[0;32mI (8420) mqtt: Waiting for connection to MQTT
[0m
[0;32mI (8780) mqtt: MQTT_EVENT_CONNECTED
[0m
[0;32mI (8790) mqtt: Connected to MQTT
[0m
[0;32mI (8790) progress: Sending battery status to MQTT[0m
[0;32mI (8790) mqtt: Sent <{"sensors":[{"name":"battery","values":[{"timestamp":1730657377000, "voltage":4.1, "soc":85.0}]}]}> to topic 1/2/data[0m
[0;32mI (8800) progress: Sending PIR event to MQTT[0m
[0;32mI (8810) mqtt: Sent <{"sensors":[{"name":"PIR","values":[{"timestamp":1730657377000, "roomID":"corridor"}]}]}> to topic 1/2/data[0m
[0;32mI (8820) mqtt: MQTT_EVENT_PUBLISHED, msg_id=19631
[0m
[0;32mI (8830) progress: Installing wakeup[0m
[0;32mI (8840) mqtt: MQTT_EVENT_PUBLISHED, msg_id=8415
[0m
[0;32mI (13830) progress: Going to sleep[0m
ets Jul 29 2019 12:21:46

rst:0x5 (DEEPSLEEP_RESET),boot:0x13 (SPI_FAST_FLASH_BOOT)
configsip: 0, SPIWP:0xee
clk_drv:0x00,q_drv:0x00,d_drv:0x00,cs0_drv:0x00,hd_drv:0x00,wp_drv:0x00
mode:DIO, clock div:2
load:0x3fff0030,len:7176
load:0x40078000,len:15564
ho 0 tail 12 room 4
load:0x40080400,len:4
load:0x40080404,len:3904
entry 0x40080640
[0;32mI (31) boot: ESP-IDF v5.3.1-536-g5955059940 2nd stage bootloader[0m
[0;32mI (31) boot: compile time Nov  3 2024 18:20:51[0m
[0;32mI (33) boot: Multicore bootloader[0m
[0;32mI (37) boot: chip revision: v3.0[0m
[0;32mI (41) boot.esp32: SPI Speed      : 40MHz[0m
[0;32mI (45) boot.esp32: SPI Mode       : DIO[0m
[0;32mI (50) boot.esp32: SPI Flash Size : 2MB[0m
[0;32mI (54) boot: Enabling RNG early entropy source...[0m
[0;32mI (60) boot: Partition Table:[0m
[0;32mI (63) boot: ## Label            Usage          Type ST Offset   Length[0m
[0;32mI (71) boot:  0 nvs              WiFi data        01 02 00009000 00006000[0m
[0;32mI (78) boot:  1 phy_init         RF data          01 01 0000f000 00001000[0m
[0;32mI (86) boot:  2 factory          factory app      00 00 00010000 00177000[0m
[0;32mI (93) boot: End of partition table[0m
[0;32mI (97) esp_image: segment 0: paddr=00010020 vaddr=3f400020 size=27f40h (163648) map[0m
[0;32mI (162) esp_image: segment 1: paddr=00037f68 vaddr=3ff80063 size=00008h (     8) [0m
[0;32mI (162) esp_image: segment 2: paddr=00037f78 vaddr=3ffb0000 size=04048h ( 16456) load[0m
[0;32mI (174) esp_image: segment 3: paddr=0003bfc8 vaddr=40080000 size=04050h ( 16464) load[0m
[0;32mI (182) esp_image: segment 4: paddr=00040020 vaddr=400d0020 size=a4204h (672260) map[0m
[0;32mI (415) esp_image: segment 5: paddr=000e422c vaddr=40084050 size=15a04h ( 88580) load[0m
[0;32mI (449) esp_image: segment 6: paddr=000f9c38 vaddr=400c0000 size=00064h (   100) [0m
[0;32mI (463) boot: Loaded app from partition at offset 0x10000[0m
[0;32mI (463) boot: Disabling RNG early entropy source...[0m
[0;32mI (475) cpu_start: Multicore app[0m
[0;32mI (484) cpu_start: Pro cpu start user code[0m
[0;32mI (484) cpu_start: cpu freq: 160000000 Hz[0m
[0;32mI (484) app_init: Application information:[0m
[0;32mI (487) app_init: Project name:     PIR[0m
[0;32mI (491) app_init: App version:      1[0m
[0;32mI (495) app_init: Compile time:     Nov  3 2024 18:20:44[0m
[0;32mI (501) app_init: ELF file SHA256:  8e6e6f27af2fac31...[0m
[0;32mI (507) app_init: ESP-IDF:          v5.3.1-536-g5955059940[0m
[0;32mI (513) efuse_init: Min chip rev:     v0.0[0m
[0;32mI (518) efuse_init: Max chip rev:     v3.99 [0m
[0;32mI (523) efuse_init: Chip rev:         v3.0[0m
[0;32mI (528) heap_init: Initializing. RAM available for dynamic allocation:[0m
[0;32mI (535) heap_init: At 3FFAE6E0 len 00001920 (6 KiB): DRAM[0m
[0;32mI (541) heap_init: At 3FFB8968 len 00027698 (157 KiB): DRAM[0m
[0;32mI (547) heap_init: At 3FFE0440 len 00003AE0 (14 KiB): D/IRAM[0m
[0;32mI (554) heap_init: At 3FFE4350 len 0001BCB0 (111 KiB): D/IRAM[0m
[0;32mI (560) heap_init: At 40099A54 len 000065AC (25 KiB): IRAM[0m
[0;32mI (568) spi_flash: detected chip: generic[0m
[0;32mI (571) spi_flash: flash io: dio[0m
[0;33mW (575) spi_flash: Detected size(4096k) larger than the size in the binary image header(2048k). Using the size in the binary image header.[0m
[0;33mW (588) i2c: This driver is an old driver, please migrate your application code to adapt `driver/i2c_master.h`[0m
[0;32mI (600) main_task: Started on CPU0[0m
[0;32mI (610) main_task: Calling app_main()[0m
[0;32mI (610) progress: [APP] Free memory: 273572 bytes[0m
[0;32mI (610) progress: [APP] IDF version: v5.3.1-536-g5955059940[0m
[0;31mE (620) i2cdev: Could not write to device [0x0b at 0]: -1 (ESP_FAIL)[0m
[0;32mI (730) gauge: Power Mode: 0x1[0m
[0;32mI (730) gauge: APA: 0x2A[0m
[0;32mI (730) gauge: Battery Profile: 0x1[0m
[0;32mI (730) gauge: Temp Mode: 0x0[0m
[0;32mI (740) gauge: Voltage: 4.21	RSOC: 100.0%[0m
[0;32mI (760) progress: Starting Wifi[0m
[0;32mI (4370) progress: Starting Clock[0m
[0;32mI (6370) progress: The current date/time in Germany is: Sun Nov  3 19:09:49 2024[0m
[0;32mI (6370) progress: Starting MQTT[0m
[0;32mI (6370) mqtt: [APP] Free memory: 225248 bytes[0m
[0;32mI (6380) mqtt: MQTT_EVENT_BEFORE_CONNECT
[0m
[0;32mI (6390) mqtt: Note free memory: 213844 bytes[0m
[0;32mI (6390) mqtt: Waiting for connection to MQTT
[0m
[0;32mI (6790) mqtt: MQTT_EVENT_CONNECTED
[0m
[0;32mI (6790) mqtt: Connected to MQTT
[0m
[0;32mI (6790) progress: Sending battery status to MQTT[0m
[0;32mI (6790) mqtt: Sent <{"sensors":[{"name":"battery","values":[{"timestamp":1730657389000, "voltage":4.2, "soc":100.0}]}]}> to topic 1/2/data[0m
[0;32mI (6810) progress: Sending PIR event to MQTT[0m
[0;32mI (6810) mqtt: Sent <{"sensors":[{"name":"PIR","values":[{"timestamp":1730657389000, "roomID":"corridor"}]}]}> to topic 1/2/data[0m
[0;32mI (6820) mqtt: MQTT_EVENT_PUBLISHED, msg_id=58782
[0m
[0;32mI (6830) progress: Installing wakeup[0m
[0;32mI (6860) mqtt: MQTT_EVENT_PUBLISHED, msg_id=17055
[0m
[0;32mI (8830) progress: Going to sleep[0m
ets Jul 29 2019 12:21:46

rst:0x5 (DEEPSLEEP_RESET),boot:0x13 (SPI_FAST_FLASH_BOOT)
configsip: 0, SPIWP:0xee
clk_drv:0x00,q_drv:0x00,d_drv:0x00,cs0_drv:0x00,hd_drv:0x00,wp_drv:0x00
mode:DIO, clock div:2
load:0x3fff0030,len:7176
load:0x40078000,len:15564
ho 0 tail 12 room 4
load:0x40080400,len:4
load:0x40080404,len:3904
entry 0x40080640
[0;32mI (31) boot: ESP-IDF v5.3.1-536-g5955059940 2nd stage bootloader[0m
[0;32mI (31) boot: compile time Nov  3 2024 18:20:51[0m
[0;32mI (33) boot: Multicore bootloader[0m
[0;32mI (37) boot: chip revision: v3.0[0m
[0;32mI (41) boot.esp32: SPI Speed      : 40MHz[0m
[0;32mI (45) boot.esp32: SPI Mode       : DIO[0m
[0;32mI (50) boot.esp32: SPI Flash Size : 2MB[0m
[0;32mI (54) boot: Enabling RNG early entropy source...[0m
[0;32mI (60) boot: Partition Table:[0m
[0;32mI (63) boot: ## Label            Usage          Type ST Offset   Length[0m
[0;32mI (71) boot:  0 nvs              WiFi data        01 02 00009000 00006000[0m
[0;32mI (78) boot:  1 phy_init         RF data          01 01 0000f000 00001000[0m
[0;32mI (86) boot:  2 factory          factory app      00 00 00010000 00177000[0m
[0;32mI (93) boot: End of partition table[0m
[0;32mI (97) esp_image: segment 0: paddr=00010020 vaddr=3f400020 size=27f40h (163648) map[0m
[0;32mI (162) esp_image: segment 1: paddr=00037f68 vaddr=3ff80063 size=00008h (     8) [0m
[0;32mI (162) esp_image: segment 2: paddr=00037f78 vaddr=3ffb0000 size=04048h ( 16456) load[0m
[0;32mI (174) esp_image: segment 3: paddr=0003bfc8 vaddr=40080000 size=04050h ( 16464) load[0m
[0;32mI (182) esp_image: segment 4: paddr=00040020 vaddr=400d0020 size=a4204h (672260) map[0m
[0;32mI (415) esp_image: segment 5: paddr=000e422c vaddr=40084050 size=15a04h ( 88580) load[0m
[0;32mI (449) esp_image: segment 6: paddr=000f9c38 vaddr=400c0000 size=00064h (   100) [0m
[0;32mI (463) boot: Loaded app from partition at offset 0x10000[0m
[0;32mI (463) boot: Disabling RNG early entropy source...[0m
[0;32mI (475) cpu_start: Multicore app[0m
[0;32mI (484) cpu_start: Pro cpu start user code[0m
[0;32mI (484) cpu_start: cpu freq: 160000000 Hz[0m
[0;32mI (484) app_init: Application information:[0m
[0;32mI (487) app_init: Project name:     PIR[0m
[0;32mI (491) app_init: App version:      1[0m
[0;32mI (495) app_init: Compile time:     Nov  3 2024 18:20:44[0m
[0;32mI (501) app_init: ELF file SHA256:  8e6e6f27af2fac31...[0m
[0;32mI (507) app_init: ESP-IDF:          v5.3.1-536-g5955059940[0m
[0;32mI (513) efuse_init: Min chip rev:     v0.0[0m
[0;32mI (518) efuse_init: Max chip rev:     v3.99 [0m
[0;32mI (523) efuse_init: Chip rev:         v3.0[0m
[0;32mI (528) heap_init: Initializing. RAM available for dynamic allocation:[0m
[0;32mI (535) heap_init: At 3FFAE6E0 len 00001920 (6 KiB): DRAM[0m
[0;32mI (541) heap_init: At 3FFB8968 len 00027698 (157 KiB): DRAM[0m
[0;32mI (547) heap_init: At 3FFE0440 len 00003AE0 (14 KiB): D/IRAM[0m
[0;32mI (554) heap_init: At 3FFE4350 len 0001BCB0 (111 KiB): D/IRAM[0m
[0;32mI (560) heap_init: At 40099A54 len 000065AC (25 KiB): IRAM[0m
[0;32mI (568) spi_flash: detected chip: generic[0m
[0;32mI (571) spi_flash: flash io: dio[0m
[0;33mW (575) spi_flash: Detected size(4096k) larger than the size in the binary image header(2048k). Using the size in the binary image header.[0m
[0;33mW (588) i2c: This driver is an old driver, please migrate your application code to adapt `driver/i2c_master.h`[0m
[0;32mI (600) main_task: Started on CPU0[0m
[0;32mI (610) main_task: Calling app_main()[0m
[0;32mI (610) progress: [APP] Free memory: 273572 bytes[0m
[0;32mI (610) progress: [APP] IDF version: v5.3.1-536-g5955059940[0m
[0;31mE (620) i2cdev: Could not write to device [0x0b at 0]: -1 (ESP_FAIL)[0m
[0;32mI (730) gauge: Power Mode: 0x1[0m
[0;32mI (730) gauge: APA: 0x2A[0m
[0;32mI (730) gauge: Battery Profile: 0x1[0m
[0;32mI (730) gauge: Temp Mode: 0x0[0m
[0;32mI (740) gauge: Voltage: 4.46	RSOC: 100.0%[0m
[0;32mI (760) progress: Starting Wifi[0m
[0;32mI (4370) progress: Starting Clock[0m
[0;32mI (6370) progress: The current date/time in Germany is: Sun Nov  3 19:09:57 2024[0m
[0;32mI (6370) progress: Starting MQTT[0m
[0;32mI (6370) mqtt: [APP] Free memory: 225268 bytes[0m
[0;32mI (6380) mqtt: MQTT_EVENT_BEFORE_CONNECT
[0m
[0;32mI (6390) mqtt: Note free memory: 213876 bytes[0m
[0;32mI (6390) mqtt: Waiting for connection to MQTT
[0m
[0;32mI (6790) mqtt: MQTT_EVENT_CONNECTED
[0m
[0;32mI (6790) mqtt: Connected to MQTT
[0m
[0;32mI (6790) progress: Sending battery status to MQTT[0m
[0;32mI (6790) mqtt: Sent <{"sensors":[{"name":"battery","values":[{"timestamp":1730657398000, "voltage":4.5, "soc":100.0}]}]}> to topic 1/2/data[0m
[0;32mI (6810) progress: Sending PIR event to MQTT[0m
[0;32mI (6810) mqtt: Sent <{"sensors":[{"name":"PIR","values":[{"timestamp":1730657398000, "roomID":"corridor"}]}]}> to topic 1/2/data[0m
[0;32mI (6820) mqtt: MQTT_EVENT_PUBLISHED, msg_id=46140
[0m
[0;32mI (6830) progress: Installing wakeup[0m
[0;32mI (6840) mqtt: MQTT_EVENT_PUBLISHED, msg_id=31403
[0m
[0;32mI (7830) progress: Going to sleep[0m
ets Jul 29 2019 12:21:46

rst:0x5 (DEEPSLEEP_RESET),boot:0x13 (SPI_FAST_FLASH_BOOT)
configsip: 0, SPIWP:0xee
clk_drv:0x00,q_drv:0x00,d_drv:0x00,cs0_drv:0x00,hd_drv:0x00,wp_drv:0x00
mode:DIO, clock div:2
load:0x3fff0030,len:7176
load:0x40078000,len:15564
ho 0 tail 12 room 4
load:0x40080400,len:4
load:0x40080404,len:3904
entry 0x40080640
[0;32mI (31) boot: ESP-IDF v5.3.1-536-g5955059940 2nd stage bootloader[0m
[0;32mI (31) boot: compile time Nov  3 2024 18:20:51[0m
[0;32mI (33) boot: Multicore bootloader[0m
[0;32mI (37) boot: chip revision: v3.0[0m
[0;32mI (41) boot.esp32: SPI Speed      : 40MHz[0m
[0;32mI (45) boot.esp32: SPI Mode       : DIO[0m
[0;32mI (50) boot.esp32: SPI Flash Size : 2MB[0m
[0;32mI (54) boot: Enabling RNG early entropy source...[0m
[0;32mI (60) boot: Partition Table:[0m
[0;32mI (63) boot: ## Label            Usage          Type ST Offset   Length[0m
[0;32mI (71) boot:  0 nvs              WiFi data        01 02 00009000 00006000[0m
[0;32mI (78) boot:  1 phy_init         RF data          01 01 0000f000 00001000[0m
[0;32mI (86) boot:  2 factory          factory app      00 00 00010000 00177000[0m
[0;32mI (93) boot: End of partition table[0m
[0;32mI (97) esp_image: segment 0: paddr=00010020 vaddr=3f400020 size=27f40h (163648) map[0m
[0;32mI (162) esp_image: segment 1: paddr=00037f68 vaddr=3ff80063 size=00008h (     8) [0m
[0;32mI (162) esp_image: segment 2: paddr=00037f78 vaddr=3ffb0000 size=04048h ( 16456) load[0m
[0;32mI (174) esp_image: segment 3: paddr=0003bfc8 vaddr=40080000 size=04050h ( 16464) load[0m
[0;32mI (182) esp_image: segment 4: paddr=00040020 vaddr=400d0020 size=a4204h (672260) map[0m
[0;32mI (415) esp_image: segment 5: paddr=000e422c vaddr=40084050 size=15a04h ( 88580) load[0m
[0;32mI (449) esp_image: segment 6: paddr=000f9c38 vaddr=400c0000 size=00064h (   100) [0m
[0;32mI (463) boot: Loaded app from partition at offset 0x10000[0m
[0;32mI (463) boot: Disabling RNG early entropy source...[0m
[0;32mI (475) cpu_start: Multicore app[0m
[0;32mI (484) cpu_start: Pro cpu start user code[0m
[0;32mI (484) cpu_start: cpu freq: 160000000 Hz[0m
[0;32mI (484) app_init: Application information:[0m
[0;32mI (487) app_init: Project name:     PIR[0m
[0;32mI (491) app_init: App version:      1[0m
[0;32mI (495) app_init: Compile time:     Nov  3 2024 18:20:44[0m
[0;32mI (501) app_init: ELF file SHA256:  8e6e6f27af2fac31...[0m
[0;32mI (507) app_init: ESP-IDF:          v5.3.1-536-g5955059940[0m
[0;32mI (513) efuse_init: Min chip rev:     v0.0[0m
[0;32mI (518) efuse_init: Max chip rev:     v3.99 [0m
[0;32mI (523) efuse_init: Chip rev:         v3.0[0m
[0;32mI (528) heap_init: Initializing. RAM available for dynamic allocation:[0m
[0;32mI (535) heap_init: At 3FFAE6E0 len 00001920 (6 KiB): DRAM[0m
[0;32mI (541) heap_init: At 3FFB8968 len 00027698 (157 KiB): DRAM[0m
[0;32mI (547) heap_init: At 3FFE0440 len 00003AE0 (14 KiB): D/IRAM[0m
[0;32mI (554) heap_init: At 3FFE4350 len 0001BCB0 (111 KiB): D/IRAM[0m
[0;32mI (560) heap_init: At 40099A54 len 000065AC (25 KiB): IRAM[0m
[0;32mI (568) spi_flash: detected chip: generic[0m
[0;32mI (571) spi_flash: flash io: dio[0m
[0;33mW (575) spi_flash: Detected size(4096k) larger than the size in the binary image header(2048k). Using the size in the binary image header.[0m
[0;33mW (588) i2c: This driver is an old driver, please migrate your application code to adapt `driver/i2c_master.h`[0m
[0;32mI (600) main_task: Started on CPU0[0m
[0;32mI (610) main_task: Calling app_main()[0m
[0;32mI (610) progress: [APP] Free memory: 273572 bytes[0m
[0;32mI (610) progress: [APP] IDF version: v5.3.1-536-g5955059940[0m
[0;31mE (620) i2cdev: Could not write to device [0x0b at 0]: -1 (ESP_FAIL)[0m
[0;32mI (730) gauge: Power Mode: 0x1[0m
[0;32mI (730) gauge: APA: 0x2A[0m
[0;32mI (730) gauge: Battery Profile: 0x1[0m
[0;32mI (730) gauge: Temp Mode: 0x0[0m
[0;32mI (740) gauge: Voltage: 4.16	RSOC: 98.0%[0m
[0;32mI (760) progress: Starting Wifi[0m
[0;32mI (4340) progress: Starting Clock[0m
[0;32mI (8340) progress: The current date/time in Germany is: Sun Nov  3 19:10:07 2024[0m
[0;32mI (8340) progress: Starting MQTT[0m
[0;32mI (8340) mqtt: [APP] Free memory: 225264 bytes[0m
[0;32mI (8350) mqtt: MQTT_EVENT_BEFORE_CONNECT
[0m
[0;32mI (8350) mqtt: Note free memory: 213876 bytes[0m
[0;32mI (8360) mqtt: Waiting for connection to MQTT
[0m
[0;32mI (8780) mqtt: MQTT_EVENT_CONNECTED
[0m
[0;32mI (8780) mqtt: Connected to MQTT
[0m
[0;32mI (8780) progress: Sending battery status to MQTT[0m
[0;32mI (8790) mqtt: Sent <{"sensors":[{"name":"battery","values":[{"timestamp":1730657408000, "voltage":4.2, "soc":98.0}]}]}> to topic 1/2/data[0m
[0;32mI (8800) progress: Sending PIR event to MQTT[0m
[0;32mI (8800) mqtt: Sent <{"sensors":[{"name":"PIR","values":[{"timestamp":1730657408000, "roomID":"corridor"}]}]}> to topic 1/2/data[0m
[0;32mI (8810) mqtt: MQTT_EVENT_PUBLISHED, msg_id=652
[0m
[0;32mI (8830) progress: Installing wakeup[0m
[0;32mI (8830) progress: Going to sleep[0m
ets Jul 29 2019 12:21:46

rst:0x5 (DEEPSLEEP_RESET),boot:0x13 (SPI_FAST_FLASH_BOOT)
configsip: 0, SPIWP:0xee
clk_drv:0x00,q_drv:0x00,d_drv:0x00,cs0_drv:0x00,hd_drv:0x00,wp_drv:0x00
mode:DIO, clock div:2
load:0x3fff0030,len:7176
load:0x40078000,len:15564
ho 0 tail 12 room 4
load:0x40080400,len:4
load:0x40080404,len:3904
entry 0x40080640
[0;32mI (31) boot: ESP-IDF v5.3.1-536-g5955059940 2nd stage bootloader[0m
[0;32mI (31) boot: compile time Nov  3 2024 18:20:51[0m
[0;32mI (33) boot: Multicore bootloader[0m
[0;32mI (37) boot: chip revision: v3.0[0m
[0;32mI (41) boot.esp32: SPI Speed      : 40MHz[0m
[0;32mI (45) boot.esp32: SPI Mode       : DIO[0m
[0;32mI (50) boot.esp32: SPI Flash Size : 2MB[0m
[0;32mI (54) boot: Enabling RNG early entropy source...[0m
[0;32mI (60) boot: Partition Table:[0m
[0;32mI (63) boot: ## Label            Usage          Type ST Offset   Length[0m
[0;32mI (71) boot:  0 nvs              WiFi data        01 02 00009000 00006000[0m
[0;32mI (78) boot:  1 phy_init         RF data          01 01 0000f000 00001000[0m
[0;32mI (86) boot:  2 factory          factory app      00 00 00010000 00177000[0m
[0;32mI (93) boot: End of partition table[0m
[0;32mI (97) esp_image: segment 0: paddr=00010020 vaddr=3f400020 size=27f40h (163648) map[0m
[0;32mI (162) esp_image: segment 1: paddr=00037f68 vaddr=3ff80063 size=00008h (     8) [0m
[0;32mI (162) esp_image: segment 2: paddr=00037f78 vaddr=3ffb0000 size=04048h ( 16456) load[0m
[0;32mI (174) esp_image: segment 3: paddr=0003bfc8 vaddr=40080000 size=04050h ( 16464) load[0m
[0;32mI (182) esp_image: segment 4: paddr=00040020 vaddr=400d0020 size=a4204h (672260) map[0m
[0;32mI (415) esp_image: segment 5: paddr=000e422c vaddr=40084050 size=15a04h ( 88580) load[0m
[0;32mI (449) esp_image: segment 6: paddr=000f9c38 vaddr=400c0000 size=00064h (   100) [0m
[0;32mI (463) boot: Loaded app from partition at offset 0x10000[0m
[0;32mI (463) boot: Disabling RNG early entropy source...[0m
[0;32mI (475) cpu_start: Multicore app[0m
[0;32mI (484) cpu_start: Pro cpu start user code[0m
[0;32mI (484) cpu_start: cpu freq: 160000000 Hz[0m
[0;32mI (484) app_init: Application information:[0m
[0;32mI (487) app_init: Project name:     PIR[0m
[0;32mI (491) app_init: App version:      1[0m
[0;32mI (495) app_init: Compile time:     Nov  3 2024 18:20:44[0m
[0;32mI (501) app_init: ELF file SHA256:  8e6e6f27af2fac31...[0m
[0;32mI (507) app_init: ESP-IDF:          v5.3.1-536-g5955059940[0m
[0;32mI (513) efuse_init: Min chip rev:     v0.0[0m
[0;32mI (518) efuse_init: Max chip rev:     v3.99 [0m
[0;32mI (523) efuse_init: Chip rev:         v3.0[0m
[0;32mI (528) heap_init: Initializing. RAM available for dynamic allocation:[0m
[0;32mI (535) heap_init: At 3FFAE6E0 len 00001920 (6 KiB): DRAM[0m
[0;32mI (541) heap_init: At 3FFB8968 len 00027698 (157 KiB): DRAM[0m
[0;32mI (547) heap_init: At 3FFE0440 len 00003AE0 (14 KiB): D/IRAM[0m
[0;32mI (554) heap_init: At 3FFE4350 len 0001BCB0 (111 KiB): D/IRAM[0m
[0;32mI (560) heap_init: At 40099A54 len 000065AC (25 KiB): IRAM[0m
[0;32mI (568) spi_flash: detected chip: generic[0m
[0;32mI (571) spi_flash: flash io: dio[0m
[0;33mW (575) spi_flash: Detected size(4096k) larger than the size in the binary image header(2048k). Using the size in the binary image header.[0m
[0;33mW (588) i2c: This driver is an old driver, please migrate your application code to adapt `driver/i2c_master.h`[0m
[0;32mI (600) main_task: Started on CPU0[0m
[0;32mI (610) main_task: Calling app_main()[0m
[0;32mI (610) progress: [APP] Free memory: 273572 bytes[0m
[0;32mI (610) progress: [APP] IDF version: v5.3.1-536-g5955059940[0m
[0;31mE (620) i2cdev: Could not write to device [0x0b at 0]: -1 (ESP_FAIL)[0m
[0;32mI (730) gauge: Power Mode: 0x1[0m
[0;32mI (730) gauge: APA: 0x2A[0m
[0;32mI (730) gauge: Battery Profile: 0x1[0m
[0;32mI (730) gauge: Temp Mode: 0x0[0m
[0;32mI (740) gauge: Voltage: 4.22	RSOC: 100.0%[0m
[0;32mI (760) progress: Starting Wifi[0m
[0;32mI (4350) progress: Starting Clock[0m
[0;32mI (6350) progress: The current date/time in Germany is: Sun Nov  3 19:10:15 2024[0m
[0;32mI (6350) progress: Starting MQTT[0m
[0;32mI (6350) mqtt: [APP] Free memory: 225268 bytes[0m
[0;32mI (6360) mqtt: MQTT_EVENT_BEFORE_CONNECT
[0m
[0;32mI (6360) mqtt: Note free memory: 213892 bytes[0m
[0;32mI (6360) mqtt: Waiting for connection to MQTT
[0m
[0;32mI (6390) mqtt: MQTT_EVENT_CONNECTED
[0m
[0;32mI (6390) mqtt: Connected to MQTT
[0m
[0;32mI (6390) progress: Sending battery status to MQTT[0m
[0;32mI (6390) mqtt: Sent <{"sensors":[{"name":"battery","values":[{"timestamp":1730657415000, "voltage":4.2, "soc":100.0}]}]}> to topic 1/2/data[0m
[0;32mI (6410) progress: Sending PIR event to MQTT[0m
[0;32mI (6410) mqtt: Sent <{"sensors":[{"name":"PIR","values":[{"timestamp":1730657415000, "roomID":"corridor"}]}]}> to topic 1/2/data[0m
[0;32mI (6420) mqtt: MQTT_EVENT_PUBLISHED, msg_id=59603
[0m
[0;32mI (6430) progress: Installing wakeup[0m
[0;32mI (6450) mqtt: MQTT_EVENT_PUBLISHED, msg_id=20706
[0m
[0;32mI (9430) progress: Going to sleep[0m
ets Jul 29 2019 12:21:46

rst:0x5 (DEEPSLEEP_RESET),boot:0x13 (SPI_FAST_FLASH_BOOT)
configsip: 0, SPIWP:0xee
clk_drv:0x00,q_drv:0x00,d_drv:0x00,cs0_drv:0x00,hd_drv:0x00,wp_drv:0x00
mode:DIO, clock div:2
load:0x3fff0030,len:7176
load:0x40078000,len:15564
ho 0 tail 12 room 4
load:0x40080400,len:4
load:0x40080404,len:3904
entry 0x40080640
[0;32mI (31) boot: ESP-IDF v5.3.1-536-g5955059940 2nd stage bootloader[0m
[0;32mI (31) boot: compile time Nov  3 2024 18:20:51[0m
[0;32mI (33) boot: Multicore bootloader[0m
[0;32mI (37) boot: chip revision: v3.0[0m
[0;32mI (41) boot.esp32: SPI Speed      : 40MHz[0m
[0;32mI (45) boot.esp32: SPI Mode       : DIO[0m
[0;32mI (50) boot.esp32: SPI Flash Size : 2MB[0m
[0;32mI (54) boot: Enabling RNG early entropy source...[0m
[0;32mI (60) boot: Partition Table:[0m
[0;32mI (63) boot: ## Label            Usage          Type ST Offset   Length[0m
[0;32mI (71) boot:  0 nvs              WiFi data        01 02 00009000 00006000[0m
[0;32mI (78) boot:  1 phy_init         RF data          01 01 0000f000 00001000[0m
[0;32mI (86) boot:  2 factory          factory app      00 00 00010000 00177000[0m
[0;32mI (93) boot: End of partition table[0m
[0;32mI (97) esp_image: segment 0: paddr=00010020 vaddr=3f400020 size=27f40h (163648) map[0m
[0;32mI (162) esp_image: segment 1: paddr=00037f68 vaddr=3ff80063 size=00008h (     8) [0m
[0;32mI (162) esp_image: segment 2: paddr=00037f78 vaddr=3ffb0000 size=04048h ( 16456) load[0m
[0;32mI (174) esp_image: segment 3: paddr=0003bfc8 vaddr=40080000 size=04050h ( 16464) load[0m
[0;32mI (182) esp_image: segment 4: paddr=00040020 vaddr=400d0020 size=a4204h (672260) map[0m
[0;32mI (415) esp_image: segment 5: paddr=000e422c vaddr=40084050 size=15a04h ( 88580) load[0m
[0;32mI (449) esp_image: segment 6: paddr=000f9c38 vaddr=400c0000 size=00064h (   100) [0m
[0;32mI (463) boot: Loaded app from partition at offset 0x10000[0m
[0;32mI (463) boot: Disabling RNG early entropy source...[0m
[0;32mI (475) cpu_start: Multicore app[0m
[0;32mI (484) cpu_start: Pro cpu start user code[0m
[0;32mI (484) cpu_start: cpu freq: 160000000 Hz[0m
[0;32mI (484) app_init: Application information:[0m
[0;32mI (487) app_init: Project name:     PIR[0m
[0;32mI (491) app_init: App version:      1[0m
[0;32mI (495) app_init: Compile time:     Nov  3 2024 18:20:44[0m
[0;32mI (501) app_init: ELF file SHA256:  8e6e6f27af2fac31...[0m
[0;32mI (507) app_init: ESP-IDF:          v5.3.1-536-g5955059940[0m
[0;32mI (513) efuse_init: Min chip rev:     v0.0[0m
[0;32mI (518) efuse_init: Max chip rev:     v3.99 [0m
[0;32mI (523) efuse_init: Chip rev:         v3.0[0m
[0;32mI (528) heap_init: Initializing. RAM available for dynamic allocation:[0m
[0;32mI (535) heap_init: At 3FFAE6E0 len 00001920 (6 KiB): DRAM[0m
[0;32mI (541) heap_init: At 3FFB8968 len 00027698 (157 KiB): DRAM[0m
[0;32mI (547) heap_init: At 3FFE0440 len 00003AE0 (14 KiB): D/IRAM[0m
[0;32mI (554) heap_init: At 3FFE4350 len 0001BCB0 (111 KiB): D/IRAM[0m
[0;32mI (560) heap_init: At 40099A54 len 000065AC (25 KiB): IRAM[0m
[0;32mI (568) spi_flash: detected chip: generic[0m
[0;32mI (571) spi_flash: flash io: dio[0m
[0;33mW (575) spi_flash: Detected size(4096k) larger than the size in the binary image header(2048k). Using the size in the binary image header.[0m
[0;33mW (588) i2c: This driver is an old driver, please migrate your application code to adapt `driver/i2c_master.h`[0m
[0;32mI (600) main_task: Started on CPU0[0m
[0;32mI (610) main_task: Calling app_main()[0m
[0;32mI (610) progress: [APP] Free memory: 273572 bytes[0m
[0;32mI (610) progress: [APP] IDF version: v5.3.1-536-g5955059940[0m
[0;31mE (620) i2cdev: Could not write to device [0x0b at 0]: -1 (ESP_FAIL)[0m
[0;32mI (730) gauge: Power Mode: 0x1[0m
[0;32mI (730) gauge: APA: 0x2A[0m
[0;32mI (730) gauge: Battery Profile: 0x1[0m
[0;32mI (730) gauge: Temp Mode: 0x0[0m
[0;32mI (740) gauge: Voltage: 4.16	RSOC: 98.0%[0m
[0;32mI (760) progress: Starting Wifi[0m
[0;32mI (4330) progress: Starting Clock[0m
[0;32mI (10330) progress: The current date/time in Germany is: Sun Nov  3 19:10:29 2024[0m
[0;32mI (10330) progress: Starting MQTT[0m
[0;32mI (10330) mqtt: [APP] Free memory: 225268 bytes[0m
[0;32mI (10340) mqtt: MQTT_EVENT_BEFORE_CONNECT
[0m
[0;32mI (10350) mqtt: Note free memory: 213860 bytes[0m
[0;32mI (10350) mqtt: Waiting for connection to MQTT
[0m
[0;32mI (10700) mqtt: MQTT_EVENT_CONNECTED
[0m
[0;32mI (10700) mqtt: Connected to MQTT
[0m
[0;32mI (10700) progress: Sending battery status to MQTT[0m
[0;32mI (10710) mqtt: Sent <{"sensors":[{"name":"battery","values":[{"timestamp":1730657429000, "voltage":4.2, "soc":98.0}]}]}> to topic 1/2/data[0m
[0;32mI (10720) progress: Sending PIR event to MQTT[0m
[0;32mI (10720) mqtt: Sent <{"sensors":[{"name":"PIR","values":[{"timestamp":1730657429000, "roomID":"corridor"}]}]}> to topic 1/2/data[0m
[0;32mI (10730) mqtt: MQTT_EVENT_PUBLISHED, msg_id=26223
[0m
[0;32mI (10750) progress: Installing wakeup[0m
[0;32mI (10750) mqtt: MQTT_EVENT_PUBLISHED, msg_id=52792
[0m
[0;32mI (11750) progress: Going to sleep[0m
ets Jul 29 2019 12:21:46

rst:0x5 (DEEPSLEEP_RESET),boot:0x13 (SPI_FAST_FLASH_BOOT)
configsip: 0, SPIWP:0xee
clk_drv:0x00,q_drv:0x00,d_drv:0x00,cs0_drv:0x00,hd_drv:0x00,wp_drv:0x00
mode:DIO, clock div:2
load:0x3fff0030,len:7176
load:0x40078000,len:15564
ho 0 tail 12 room 4
load:0x40080400,len:4
load:0x40080404,len:3904
entry 0x40080640
[0;32mI (31) boot: ESP-IDF v5.3.1-536-g5955059940 2nd stage bootloader[0m
[0;32mI (31) boot: compile time Nov  3 2024 18:20:51[0m
[0;32mI (33) boot: Multicore bootloader[0m
[0;32mI (37) boot: chip revision: v3.0[0m
[0;32mI (41) boot.esp32: SPI Speed      : 40MHz[0m
[0;32mI (45) boot.esp32: SPI Mode       : DIO[0m
[0;32mI (50) boot.esp32: SPI Flash Size : 2MB[0m
[0;32mI (54) boot: Enabling RNG early entropy source...[0m
[0;32mI (60) boot: Partition Table:[0m
[0;32mI (63) boot: ## Label            Usage          Type ST Offset   Length[0m
[0;32mI (71) boot:  0 nvs              WiFi data        01 02 00009000 00006000[0m
[0;32mI (78) boot:  1 phy_init         RF data          01 01 0000f000 00001000[0m
[0;32mI (86) boot:  2 factory          factory app      00 00 00010000 00177000[0m
[0;32mI (93) boot: End of partition table[0m
[0;32mI (97) esp_image: segment 0: paddr=00010020 vaddr=3f400020 size=27f40h (163648) map[0m
[0;32mI (162) esp_image: segment 1: paddr=00037f68 vaddr=3ff80063 size=00008h (     8) [0m
[0;32mI (162) esp_image: segment 2: paddr=00037f78 vaddr=3ffb0000 size=04048h ( 16456) load[0m
[0;32mI (174) esp_image: segment 3: paddr=0003bfc8 vaddr=40080000 size=04050h ( 16464) load[0m
[0;32mI (182) esp_image: segment 4: paddr=00040020 vaddr=400d0020 size=a4204h (672260) map[0m
[0;32mI (415) esp_image: segment 5: paddr=000e422c vaddr=40084050 size=15a04h ( 88580) load[0m
[0;32mI (449) esp_image: segment 6: paddr=000f9c38 vaddr=400c0000 size=00064h (   100) [0m
[0;32mI (463) boot: Loaded app from partition at offset 0x10000[0m
[0;32mI (463) boot: Disabling RNG early entropy source...[0m
[0;32mI (475) cpu_start: Multicore app[0m
[0;32mI (484) cpu_start: Pro cpu start user code[0m
[0;32mI (484) cpu_start: cpu freq: 160000000 Hz[0m
[0;32mI (484) app_init: Application information:[0m
[0;32mI (487) app_init: Project name:     PIR[0m
[0;32mI (491) app_init: App version:      1[0m
[0;32mI (495) app_init: Compile time:     Nov  3 2024 18:20:44[0m
[0;32mI (501) app_init: ELF file SHA256:  8e6e6f27af2fac31...[0m
[0;32mI (507) app_init: ESP-IDF:          v5.3.1-536-g5955059940[0m
[0;32mI (513) efuse_init: Min chip rev:     v0.0[0m
[0;32mI (518) efuse_init: Max chip rev:     v3.99 [0m
[0;32mI (523) efuse_init: Chip rev:         v3.0[0m
[0;32mI (528) heap_init: Initializing. RAM available for dynamic allocation:[0m
[0;32mI (535) heap_init: At 3FFAE6E0 len 00001920 (6 KiB): DRAM[0m
[0;32mI (541) heap_init: At 3FFB8968 len 00027698 (157 KiB): DRAM[0m
[0;32mI (547) heap_init: At 3FFE0440 len 00003AE0 (14 KiB): D/IRAM[0m
[0;32mI (554) heap_init: At 3FFE4350 len 0001BCB0 (111 KiB): D/IRAM[0m
[0;32mI (560) heap_init: At 40099A54 len 000065AC (25 KiB): IRAM[0m
[0;32mI (568) spi_flash: detected chip: generic[0m
[0;32mI (571) spi_flash: flash io: dio[0m
[0;33mW (575) spi_flash: Detected size(4096k) larger than the size in the binary image header(2048k). Using the size in the binary image header.[0m
[0;33mW (588) i2c: This driver is an old driver, please migrate your application code to adapt `driver/i2c_master.h`[0m
[0;32mI (600) main_task: Started on CPU0[0m
[0;32mI (610) main_task: Calling app_main()[0m
[0;32mI (610) progress: [APP] Free memory: 273572 bytes[0m
[0;32mI (610) progress: [APP] IDF version: v5.3.1-536-g5955059940[0m
[0;31mE (620) i2cdev: Could not write to device [0x0b at 0]: -1 (ESP_FAIL)[0m
[0;32mI (730) gauge: Power Mode: 0x1[0m
[0;32mI (730) gauge: APA: 0x2A[0m
[0;32mI (730) gauge: Battery Profile: 0x1[0m
[0;32mI (730) gauge: Temp Mode: 0x0[0m
[0;32mI (730) gauge: Voltage: 4.10	RSOC: 91.0%[0m
[0;32mI (760) progress: Starting Wifi[0m
[0;32mI (4330) progress: Starting Clock[0m
[0;32mI (8330) progress: The current date/time in Germany is: Sun Nov  3 19:10:38 2024[0m
[0;32mI (8330) progress: Starting MQTT[0m
[0;32mI (8330) mqtt: [APP] Free memory: 225272 bytes[0m
[0;32mI (8340) mqtt: MQTT_EVENT_BEFORE_CONNECT
[0m
[0;32mI (8350) mqtt: Note free memory: 213860 bytes[0m
[0;32mI (8350) mqtt: Waiting for connection to MQTT
[0m
[0;32mI (8790) mqtt: MQTT_EVENT_CONNECTED
[0m
[0;32mI (8790) mqtt: Connected to MQTT
[0m
[0;32mI (8790) progress: Sending battery status to MQTT[0m
[0;32mI (8790) mqtt: Sent <{"sensors":[{"name":"battery","values":[{"timestamp":1730657439000, "voltage":4.1, "soc":91.0}]}]}> to topic 1/2/data[0m
[0;32mI (8810) progress: Sending PIR event to MQTT[0m
[0;32mI (8810) mqtt: Sent <{"sensors":[{"name":"PIR","values":[{"timestamp":1730657439000, "roomID":"corridor"}]}]}> to topic 1/2/data[0m
[0;32mI (8820) mqtt: MQTT_EVENT_PUBLISHED, msg_id=63347
[0m
[0;32mI (8830) progress: Installing wakeup[0m
[0;32mI (8830) progress: Going to sleep[0m
ets Jul 29 2019 12:21:46

rst:0x5 (DEEPSLEEP_RESET),boot:0x13 (SPI_FAST_FLASH_BOOT)
configsip: 0, SPIWP:0xee
clk_drv:0x00,q_drv:0x00,d_drv:0x00,cs0_drv:0x00,hd_drv:0x00,wp_drv:0x00
mode:DIO, clock div:2
load:0x3fff0030,len:7176
load:0x40078000,len:15564
ho 0 tail 12 room 4
load:0x40080400,len:4
load:0x40080404,len:3904
entry 0x40080640
[0;32mI (31) boot: ESP-IDF v5.3.1-536-g5955059940 2nd stage bootloader[0m
[0;32mI (31) boot: compile time Nov  3 2024 18:20:51[0m
[0;32mI (33) boot: Multicore bootloader[0m
[0;32mI (37) boot: chip revision: v3.0[0m
[0;32mI (41) boot.esp32: SPI Speed      : 40MHz[0m
[0;32mI (45) boot.esp32: SPI Mode       : DIO[0m
[0;32mI (50) boot.esp32: SPI Flash Size : 2MB[0m
[0;32mI (54) boot: Enabling RNG early entropy source...[0m
[0;32mI (60) boot: Partition Table:[0m
[0;32mI (63) boot: ## Label            Usage          Type ST Offset   Length[0m
[0;32mI (71) boot:  0 nvs              WiFi data        01 02 00009000 00006000[0m
[0;32mI (78) boot:  1 phy_init         RF data          01 01 0000f000 00001000[0m
[0;32mI (86) boot:  2 factory          factory app      00 00 00010000 00177000[0m
[0;32mI (93) boot: End of partition table[0m
[0;32mI (97) esp_image: segment 0: paddr=00010020 vaddr=3f400020 size=27f40h (163648) map[0m
[0;32mI (162) esp_image: segment 1: paddr=00037f68 vaddr=3ff80063 size=00008h (     8) [0m
[0;32mI (162) esp_image: segment 2: paddr=00037f78 vaddr=3ffb0000 size=04048h ( 16456) load[0m
[0;32mI (174) esp_image: segment 3: paddr=0003bfc8 vaddr=40080000 size=04050h ( 16464) load[0m
[0;32mI (182) esp_image: segment 4: paddr=00040020 vaddr=400d0020 size=a4204h (672260) map[0m
[0;32mI (415) esp_image: segment 5: paddr=000e422c vaddr=40084050 size=15a04h ( 88580) load[0m
[0;32mI (449) esp_image: segment 6: paddr=000f9c38 vaddr=400c0000 size=00064h (   100) [0m
[0;32mI (463) boot: Loaded app from partition at offset 0x10000[0m
[0;32mI (463) boot: Disabling RNG early entropy source...[0m
[0;32mI (475) cpu_start: Multicore app[0m
[0;32mI (484) cpu_start: Pro cpu start user code[0m
[0;32mI (484) cpu_start: cpu freq: 160000000 Hz[0m
[0;32mI (484) app_init: Application information:[0m
[0;32mI (487) app_init: Project name:     PIR[0m
[0;32mI (491) app_init: App version:      1[0m
[0;32mI (495) app_init: Compile time:     Nov  3 2024 18:20:44[0m
[0;32mI (501) app_init: ELF file SHA256:  8e6e6f27af2fac31...[0m
[0;32mI (507) app_init: ESP-IDF:          v5.3.1-536-g5955059940[0m
[0;32mI (513) efuse_init: Min chip rev:     v0.0[0m
[0;32mI (518) efuse_init: Max chip rev:     v3.99 [0m
[0;32mI (523) efuse_init: Chip rev:         v3.0[0m
[0;32mI (528) heap_init: Initializing. RAM available for dynamic allocation:[0m
[0;32mI (535) heap_init: At 3FFAE6E0 len 00001920 (6 KiB): DRAM[0m
[0;32mI (541) heap_init: At 3FFB8968 len 00027698 (157 KiB): DRAM[0m
[0;32mI (547) heap_init: At 3FFE0440 len 00003AE0 (14 KiB): D/IRAM[0m
[0;32mI (554) heap_init: At 3FFE4350 len 0001BCB0 (111 KiB): D/IRAM[0m
[0;32mI (560) heap_init: At 40099A54 len 000065AC (25 KiB): IRAM[0m
[0;32mI (568) spi_flash: detected chip: generic[0m
[0;32mI (571) spi_flash: flash io: dio[0m
[0;33mW (575) spi_flash: Detected size(4096k) larger than the size in the binary image header(2048k). Using the size in the binary image header.[0m
[0;33mW (588) i2c: This driver is an old driver, please migrate your application code to adapt `driver/i2c_master.h`[0m
[0;32mI (600) main_task: Started on CPU0[0m
[0;32mI (610) main_task: Calling app_main()[0m
[0;32mI (610) progress: [APP] Free memory: 273572 bytes[0m
[0;32mI (610) progress: [APP] IDF version: v5.3.1-536-g5955059940[0m
[0;31mE (620) i2cdev: Could not write to device [0x0b at 0]: -1 (ESP_FAIL)[0m
[0;32mI (730) gauge: Power Mode: 0x1[0m
[0;32mI (730) gauge: APA: 0x2A[0m
[0;32mI (730) gauge: Battery Profile: 0x1[0m
[0;32mI (730) gauge: Temp Mode: 0x0[0m
[0;32mI (740) gauge: Voltage: 4.22	RSOC: 100.0%[0m
[0;32mI (760) progress: Starting Wifi[0m
[0;32mI (4370) progress: Starting Clock[0m
[0;32mI (8370) progress: The current date/time in Germany is: Sun Nov  3 19:10:48 2024[0m
[0;32mI (8370) progress: Starting MQTT[0m
[0;32mI (8370) mqtt: [APP] Free memory: 225268 bytes[0m
[0;32mI (8380) mqtt: MQTT_EVENT_BEFORE_CONNECT
[0m
[0;32mI (8380) mqtt: Note free memory: 213696 bytes[0m
[0;32mI (8390) mqtt: Waiting for connection to MQTT
[0m
[0;32mI (8420) mqtt: MQTT_EVENT_CONNECTED
[0m
[0;32mI (8420) mqtt: Connected to MQTT
[0m
[0;32mI (8420) progress: Sending battery status to MQTT[0m
[0;32mI (8420) mqtt: Sent <{"sensors":[{"name":"battery","values":[{"timestamp":1730657448000, "voltage":4.2, "soc":100.0}]}]}> to topic 1/2/data[0m
[0;32mI (8440) progress: Sending PIR event to MQTT[0m
[0;32mI (8440) mqtt: Sent <{"sensors":[{"name":"PIR","values":[{"timestamp":1730657448000, "roomID":"corridor"}]}]}> to topic 1/2/data[0m
[0;32mI (8450) mqtt: MQTT_EVENT_PUBLISHED, msg_id=17656
[0m
[0;32mI (8460) progress: Installing wakeup[0m
[0;32mI (8470) mqtt: MQTT_EVENT_PUBLISHED, msg_id=34190
[0m
[0;32mI (9460) progress: Going to sleep[0m
ets Jul 29 2019 12:21:46

rst:0x5 (DEEPSLEEP_RESET),boot:0x13 (SPI_FAST_FLASH_BOOT)
configsip: 0, SPIWP:0xee
clk_drv:0x00,q_drv:0x00,d_drv:0x00,cs0_drv:0x00,hd_drv:0x00,wp_drv:0x00
mode:DIO, clock div:2
load:0x3fff0030,len:7176
load:0x40078000,len:15564
ho 0 tail 12 room 4
load:0x40080400,len:4
load:0x40080404,len:3904
entry 0x40080640
[0;32mI (31) boot: ESP-IDF v5.3.1-536-g5955059940 2nd stage bootloader[0m
[0;32mI (31) boot: compile time Nov  3 2024 18:20:51[0m
[0;32mI (33) boot: Multicore bootloader[0m
[0;32mI (37) boot: chip revision: v3.0[0m
[0;32mI (41) boot.esp32: SPI Speed      : 40MHz[0m
[0;32mI (45) boot.esp32: SPI Mode       : DIO[0m
[0;32mI (50) boot.esp32: SPI Flash Size : 2MB[0m
[0;32mI (54) boot: Enabling RNG early entropy source...[0m
[0;32mI (60) boot: Partition Table:[0m
[0;32mI (63) boot: ## Label            Usage          Type ST Offset   Length[0m
[0;32mI (71) boot:  0 nvs              WiFi data        01 02 00009000 00006000[0m
[0;32mI (78) boot:  1 phy_init         RF data          01 01 0000f000 00001000[0m
[0;32mI (86) boot:  2 factory          factory app      00 00 00010000 00177000[0m
[0;32mI (93) boot: End of partition table[0m
[0;32mI (97) esp_image: segment 0: paddr=00010020 vaddr=3f400020 size=27f40h (163648) map[0m
[0;32mI (162) esp_image: segment 1: paddr=00037f68 vaddr=3ff80063 size=00008h (     8) [0m
[0;32mI (162) esp_image: segment 2: paddr=00037f78 vaddr=3ffb0000 size=04048h ( 16456) load[0m
[0;32mI (174) esp_image: segment 3: paddr=0003bfc8 vaddr=40080000 size=04050h ( 16464) load[0m
[0;32mI (182) esp_image: segment 4: paddr=00040020 vaddr=400d0020 size=a4204h (672260) map[0m
[0;32mI (415) esp_image: segment 5: paddr=000e422c vaddr=40084050 size=15a04h ( 88580) load[0m
[0;32mI (449) esp_image: segment 6: paddr=000f9c38 vaddr=400c0000 size=00064h (   100) [0m
[0;32mI (463) boot: Loaded app from partition at offset 0x10000[0m
[0;32mI (463) boot: Disabling RNG early entropy source...[0m
[0;32mI (475) cpu_start: Multicore app[0m
[0;32mI (484) cpu_start: Pro cpu start user code[0m
[0;32mI (484) cpu_start: cpu freq: 160000000 Hz[0m
[0;32mI (484) app_init: Application information:[0m
[0;32mI (487) app_init: Project name:     PIR[0m
[0;32mI (491) app_init: App version:      1[0m
[0;32mI (495) app_init: Compile time:     Nov  3 2024 18:20:44[0m
[0;32mI (501) app_init: ELF file SHA256:  8e6e6f27af2fac31...[0m
[0;32mI (507) app_init: ESP-IDF:          v5.3.1-536-g5955059940[0m
[0;32mI (513) efuse_init: Min chip rev:     v0.0[0m
[0;32mI (518) efuse_init: Max chip rev:     v3.99 [0m
[0;32mI (523) efuse_init: Chip rev:         v3.0[0m
[0;32mI (528) heap_init: Initializing. RAM available for dynamic allocation:[0m
[0;32mI (535) heap_init: At 3FFAE6E0 len 00001920 (6 KiB): DRAM[0m
[0;32mI (541) heap_init: At 3FFB8968 len 00027698 (157 KiB): DRAM[0m
[0;32mI (547) heap_init: At 3FFE0440 len 00003AE0 (14 KiB): D/IRAM[0m
[0;32mI (554) heap_init: At 3FFE4350 len 0001BCB0 (111 KiB): D/IRAM[0m
[0;32mI (560) heap_init: At 40099A54 len 000065AC (25 KiB): IRAM[0m
[0;32mI (568) spi_flash: detected chip: generic[0m
[0;32mI (571) spi_flash: flash io: dio[0m
[0;33mW (575) spi_flash: Detected size(4096k) larger than the size in the binary image header(2048k). Using the size in the binary image header.[0m
[0;33mW (588) i2c: This driver is an old driver, please migrate your application code to adapt `driver/i2c_master.h`[0m
[0;32mI (600) main_task: Started on CPU0[0m
[0;32mI (610) main_task: Calling app_main()[0m
[0;32mI (610) progress: [APP] Free memory: 273572 bytes[0m
[0;32mI (610) progress: [APP] IDF version: v5.3.1-536-g5955059940[0m
[0;31mE (620) i2cdev: Could not write to device [0x0b at 0]: -1 (ESP_FAIL)[0m
[0;32mI (730) gauge: Power Mode: 0x1[0m
[0;32mI (730) gauge: APA: 0x2A[0m
[0;32mI (730) gauge: Battery Profile: 0x1[0m
[0;32mI (730) gauge: Temp Mode: 0x0[0m
[0;32mI (730) gauge: Voltage: 4.16	RSOC: 98.0%[0m
[0;32mI (760) progress: Starting Wifi[0m
[0;32mI (4350) progress: Starting Clock[0m
[0;32mI (22350) progress: The current date/time in Germany is: Sun Nov  3 19:11:16 2024[0m
[0;32mI (22350) progress: Starting MQTT[0m
[0;32mI (22350) mqtt: [APP] Free memory: 225268 bytes[0m
[0;32mI (22360) mqtt: MQTT_EVENT_BEFORE_CONNECT
[0m
[0;32mI (22370) mqtt: Note free memory: 213860 bytes[0m
[0;32mI (22370) mqtt: Waiting for connection to MQTT
[0m
[0;32mI (23660) mqtt: MQTT_EVENT_CONNECTED
[0m
[0;32mI (23660) mqtt: Connected to MQTT
[0m
[0;32mI (23660) progress: Sending battery status to MQTT[0m
[0;32mI (23660) mqtt: Sent <{"sensors":[{"name":"battery","values":[{"timestamp":1730657477000, "voltage":4.2, "soc":98.0}]}]}> to topic 1/2/data[0m
[0;32mI (23680) progress: Sending PIR event to MQTT[0m
[0;32mI (23680) mqtt: Sent <{"sensors":[{"name":"PIR","values":[{"timestamp":1730657477000, "roomID":"corridor"}]}]}> to topic 1/2/data[0m
[0;32mI (23690) mqtt: MQTT_EVENT_PUBLISHED, msg_id=48925
[0m
[0;32mI (23700) progress: Installing wakeup[0m
[0;32mI (23720) mqtt: MQTT_EVENT_PUBLISHED, msg_id=39428
[0m
[0;32mI (24700) progress: Going to sleep[0m
ets Jul 29 2019 12:21:46

rst:0x5 (DEEPSLEEP_RESET),boot:0x13 (SPI_FAST_FLASH_BOOT)
configsip: 0, SPIWP:0xee
clk_drv:0x00,q_drv:0x00,d_drv:0x00,cs0_drv:0x00,hd_drv:0x00,wp_drv:0x00
mode:DIO, clock div:2
load:0x3fff0030,len:7176
load:0x40078000,len:15564
ho 0 tail 12 room 4
load:0x40080400,len:4
load:0x40080404,len:3904
entry 0x40080640
[0;32mI (31) boot: ESP-IDF v5.3.1-536-g5955059940 2nd stage bootloader[0m
[0;32mI (31) boot: compile time Nov  3 2024 18:20:51[0m
[0;32mI (33) boot: Multicore bootloader[0m
[0;32mI (37) boot: chip revision: v3.0[0m
[0;32mI (41) boot.esp32: SPI Speed      : 40MHz[0m
[0;32mI (45) boot.esp32: SPI Mode       : DIO[0m
[0;32mI (50) boot.esp32: SPI Flash Size : 2MB[0m
[0;32mI (54) boot: Enabling RNG early entropy source...[0m
[0;32mI (60) boot: Partition Table:[0m
[0;32mI (63) boot: ## Label            Usage          Type ST Offset   Length[0m
[0;32mI (71) boot:  0 nvs              WiFi data        01 02 00009000 00006000[0m
[0;32mI (78) boot:  1 phy_init         RF data          01 01 0000f000 00001000[0m
[0;32mI (86) boot:  2 factory          factory app      00 00 00010000 00177000[0m
[0;32mI (93) boot: End of partition table[0m
[0;32mI (97) esp_image: segment 0: paddr=00010020 vaddr=3f400020 size=27f40h (163648) map[0m
[0;32mI (162) esp_image: segment 1: paddr=00037f68 vaddr=3ff80063 size=00008h (     8) [0m
[0;32mI (162) esp_image: segment 2: paddr=00037f78 vaddr=3ffb0000 size=04048h ( 16456) load[0m
[0;32mI (174) esp_image: segment 3: paddr=0003bfc8 vaddr=40080000 size=04050h ( 16464) load[0m
[0;32mI (182) esp_image: segment 4: paddr=00040020 vaddr=400d0020 size=a4204h (672260) map[0m
[0;32mI (415) esp_image: segment 5: paddr=000e422c vaddr=40084050 size=15a04h ( 88580) load[0m
[0;32mI (449) esp_image: segment 6: paddr=000f9c38 vaddr=400c0000 size=00064h (   100) [0m
[0;32mI (463) boot: Loaded app from partition at offset 0x10000[0m
[0;32mI (463) boot: Disabling RNG early entropy source...[0m
[0;32mI (475) cpu_start: Multicore app[0m
[0;32mI (484) cpu_start: Pro cpu start user code[0m
[0;32mI (484) cpu_start: cpu freq: 160000000 Hz[0m
[0;32mI (484) app_init: Application information:[0m
[0;32mI (487) app_init: Project name:     PIR[0m
[0;32mI (491) app_init: App version:      1[0m
[0;32mI (495) app_init: Compile time:     Nov  3 2024 18:20:44[0m
[0;32mI (501) app_init: ELF file SHA256:  8e6e6f27af2fac31...[0m
[0;32mI (507) app_init: ESP-IDF:          v5.3.1-536-g5955059940[0m
[0;32mI (513) efuse_init: Min chip rev:     v0.0[0m
[0;32mI (518) efuse_init: Max chip rev:     v3.99 [0m
[0;32mI (523) efuse_init: Chip rev:         v3.0[0m
[0;32mI (528) heap_init: Initializing. RAM available for dynamic allocation:[0m
[0;32mI (535) heap_init: At 3FFAE6E0 len 00001920 (6 KiB): DRAM[0m
[0;32mI (541) heap_init: At 3FFB8968 len 00027698 (157 KiB): DRAM[0m
[0;32mI (547) heap_init: At 3FFE0440 len 00003AE0 (14 KiB): D/IRAM[0m
[0;32mI (554) heap_init: At 3FFE4350 len 0001BCB0 (111 KiB): D/IRAM[0m
[0;32mI (560) heap_init: At 40099A54 len 000065AC (25 KiB): IRAM[0m
[0;32mI (568) spi_flash: detected chip: generic[0m
[0;32mI (571) spi_flash: flash io: dio[0m
[0;33mW (575) spi_flash: Detected size(4096k) larger than the size in the binary image header(2048k). Using the size in the binary image header.[0m
[0;33mW (588) i2c: This driver is an old driver, please migrate your application code to adapt `driver/i2c_master.h`[0m
[0;32mI (600) main_task: Started on CPU0[0m
[0;32mI (610) main_task: Calling app_main()[0m
[0;32mI (610) progress: [APP] Free memory: 273572 bytes[0m
[0;32mI (610) progress: [APP] IDF version: v5.3.1-536-g5955059940[0m
[0;31mE (620) i2cdev: Could not write to device [0x0b at 0]: -1 (ESP_FAIL)[0m
[0;32mI (730) gauge: Power Mode: 0x1[0m
[0;32mI (730) gauge: APA: 0x2A[0m
[0;32mI (730) gauge: Battery Profile: 0x1[0m
[0;32mI (730) gauge: Temp Mode: 0x0[0m
[0;32mI (730) gauge: Voltage: 4.00	RSOC: 78.0%[0m
[0;32mI (760) progress: Starting Wifi[0m
[0;32mI (4330) progress: Starting Clock[0m
[0;32mI (8330) progress: The current date/time in Germany is: Sun Nov  3 19:11:26 2024[0m
[0;32mI (8330) progress: Starting MQTT[0m
[0;32mI (8330) mqtt: [APP] Free memory: 225272 bytes[0m
[0;32mI (8340) mqtt: MQTT_EVENT_BEFORE_CONNECT
[0m
[0;32mI (8350) mqtt: Note free memory: 213860 bytes[0m
[0;32mI (8350) mqtt: Waiting for connection to MQTT
[0m
[0;32mI (8380) mqtt: MQTT_EVENT_CONNECTED
[0m
[0;32mI (8380) mqtt: Connected to MQTT
[0m
[0;32mI (8380) progress: Sending battery status to MQTT[0m
[0;32mI (8390) mqtt: Sent <{"sensors":[{"name":"battery","values":[{"timestamp":1730657486000, "voltage":4.0, "soc":78.0}]}]}> to topic 1/2/data[0m
[0;32mI (8400) progress: Sending PIR event to MQTT[0m
[0;32mI (8400) mqtt: Sent <{"sensors":[{"name":"PIR","values":[{"timestamp":1730657486000, "roomID":"corridor"}]}]}> to topic 1/2/data[0m
[0;32mI (8420) mqtt: MQTT_EVENT_PUBLISHED, msg_id=117
[0m
[0;32mI (8430) progress: Installing wakeup[0m
[0;32mI (8430) progress: Going to sleep[0m
ets Jul 29 2019 12:21:46

rst:0x5 (DEEPSLEEP_RESET),boot:0x13 (SPI_FAST_FLASH_BOOT)
configsip: 0, SPIWP:0xee
clk_drv:0x00,q_drv:0x00,d_drv:0x00,cs0_drv:0x00,hd_drv:0x00,wp_drv:0x00
mode:DIO, clock div:2
load:0x3fff0030,len:7176
load:0x40078000,len:15564
ho 0 tail 12 room 4
load:0x40080400,len:4
load:0x40080404,len:3904
entry 0x40080640
[0;32mI (31) boot: ESP-IDF v5.3.1-536-g5955059940 2nd stage bootloader[0m
[0;32mI (31) boot: compile time Nov  3 2024 18:20:51[0m
[0;32mI (33) boot: Multicore bootloader[0m
[0;32mI (37) boot: chip revision: v3.0[0m
[0;32mI (41) boot.esp32: SPI Speed      : 40MHz[0m
[0;32mI (45) boot.esp32: SPI Mode       : DIO[0m
[0;32mI (50) boot.esp32: SPI Flash Size : 2MB[0m
[0;32mI (54) boot: Enabling RNG early entropy source...[0m
[0;32mI (60) boot: Partition Table:[0m
[0;32mI (63) boot: ## Label            Usage          Type ST Offset   Length[0m
[0;32mI (71) boot:  0 nvs              WiFi data        01 02 00009000 00006000[0m
[0;32mI (78) boot:  1 phy_init         RF data          01 01 0000f000 00001000[0m
[0;32mI (86) boot:  2 factory          factory app      00 00 00010000 00177000[0m
[0;32mI (93) boot: End of partition table[0m
[0;32mI (97) esp_image: segment 0: paddr=00010020 vaddr=3f400020 size=27f40h (163648) map[0m
[0;32mI (162) esp_image: segment 1: paddr=00037f68 vaddr=3ff80063 size=00008h (     8) [0m
[0;32mI (162) esp_image: segment 2: paddr=00037f78 vaddr=3ffb0000 size=04048h ( 16456) load[0m
[0;32mI (174) esp_image: segment 3: paddr=0003bfc8 vaddr=40080000 size=04050h ( 16464) load[0m
[0;32mI (182) esp_image: segment 4: paddr=00040020 vaddr=400d0020 size=a4204h (672260) map[0m
[0;32mI (415) esp_image: segment 5: paddr=000e422c vaddr=40084050 size=15a04h ( 88580) load[0m
[0;32mI (449) esp_image: segment 6: paddr=000f9c38 vaddr=400c0000 size=00064h (   100) [0m
[0;32mI (463) boot: Loaded app from partition at offset 0x10000[0m
[0;32mI (463) boot: Disabling RNG early entropy source...[0m
[0;32mI (475) cpu_start: Multicore app[0m
[0;32mI (484) cpu_start: Pro cpu start user code[0m
[0;32mI (484) cpu_start: cpu freq: 160000000 Hz[0m
[0;32mI (484) app_init: Application information:[0m
[0;32mI (487) app_init: Project name:     PIR[0m
[0;32mI (491) app_init: App version:      1[0m
[0;32mI (495) app_init: Compile time:     Nov  3 2024 18:20:44[0m
[0;32mI (501) app_init: ELF file SHA256:  8e6e6f27af2fac31...[0m
[0;32mI (507) app_init: ESP-IDF:          v5.3.1-536-g5955059940[0m
[0;32mI (513) efuse_init: Min chip rev:     v0.0[0m
[0;32mI (518) efuse_init: Max chip rev:     v3.99 [0m
[0;32mI (523) efuse_init: Chip rev:         v3.0[0m
[0;32mI (528) heap_init: Initializing. RAM available for dynamic allocation:[0m
[0;32mI (535) heap_init: At 3FFAE6E0 len 00001920 (6 KiB): DRAM[0m
[0;32mI (541) heap_init: At 3FFB8968 len 00027698 (157 KiB): DRAM[0m
[0;32mI (547) heap_init: At 3FFE0440 len 00003AE0 (14 KiB): D/IRAM[0m
[0;32mI (554) heap_init: At 3FFE4350 len 0001BCB0 (111 KiB): D/IRAM[0m
[0;32mI (560) heap_init: At 40099A54 len 000065AC (25 KiB): IRAM[0m
[0;32mI (568) spi_flash: detected chip: generic[0m
[0;32mI (571) spi_flash: flash io: dio[0m
[0;33mW (575) spi_flash: Detected size(4096k) larger than the size in the binary image header(2048k). Using the size in the binary image header.[0m
[0;33mW (588) i2c: This driver is an old driver, please migrate your application code to adapt `driver/i2c_master.h`[0m
[0;32mI (600) main_task: Started on CPU0[0m
[0;32mI (610) main_task: Calling app_main()[0m
[0;32mI (610) progress: [APP] Free memory: 273572 bytes[0m
[0;32mI (610) progress: [APP] IDF version: v5.3.1-536-g5955059940[0m
[0;31mE (620) i2cdev: Could not write to device [0x0b at 0]: -1 (ESP_FAIL)[0m
[0;32mI (730) gauge: Power Mode: 0x1[0m
[0;32mI (730) gauge: APA: 0x2A[0m
[0;32mI (730) gauge: Battery Profile: 0x1[0m
[0;32mI (730) gauge: Temp Mode: 0x0[0m
[0;32mI (730) gauge: Voltage: 4.22	RSOC: 100.0%[0m
[0;32mI (760) progress: Starting Wifi[0m
[0;32mI (4330) progress: Starting Clock[0m
[0;32mI (10330) progress: The current date/time in Germany is: Sun Nov  3 19:11:42 2024[0m
[0;32mI (10330) progress: Starting MQTT[0m
[0;32mI (10330) mqtt: [APP] Free memory: 225268 bytes[0m
[0;32mI (10340) mqtt: MQTT_EVENT_BEFORE_CONNECT
[0m
[0;32mI (10350) mqtt: Note free memory: 213696 bytes[0m
[0;32mI (10350) mqtt: Waiting for connection to MQTT
[0m
[0;32mI (10370) mqtt: MQTT_EVENT_CONNECTED
[0m
[0;32mI (10370) mqtt: Connected to MQTT
[0m
[0;32mI (10370) progress: Sending battery status to MQTT[0m
[0;32mI (10380) mqtt: Sent <{"sensors":[{"name":"battery","values":[{"timestamp":1730657502000, "voltage":4.2, "soc":100.0}]}]}> to topic 1/2/data[0m
[0;32mI (10390) progress: Sending PIR event to MQTT[0m
[0;32mI (10390) mqtt: Sent <{"sensors":[{"name":"PIR","values":[{"timestamp":1730657502000, "roomID":"corridor"}]}]}> to topic 1/2/data[0m
[0;32mI (10410) mqtt: MQTT_EVENT_PUBLISHED, msg_id=40606
[0m
[0;32mI (10410) progress: Installing wakeup[0m
[0;32mI (10440) mqtt: MQTT_EVENT_PUBLISHED, msg_id=12433
[0m
[0;32mI (11420) progress: Going to sleep[0m
ets Jul 29 2019 12:21:46

rst:0x5 (DEEPSLEEP_RESET),boot:0x13 (SPI_FAST_FLASH_BOOT)
configsip: 0, SPIWP:0xee
clk_drv:0x00,q_drv:0x00,d_drv:0x00,cs0_drv:0x00,hd_drv:0x00,wp_drv:0x00
mode:DIO, clock div:2
load:0x3fff0030,len:7176
load:0x40078000,len:15564
